
  OPENSWMM ENGINE - VERSION 6.0.0-alpha.3
  ------------------------------------------------------------

  
  ****************
  Analysis Options
  ****************
  Flow Units ............... CFS
  Process Models:
    Rainfall/Runoff ........ NO
    RDII ................... NO
    Snowmelt ............... NO
    Groundwater ............ NO
    Flow Routing ........... YES
    Ponding Allowed ........ NO
    Water Quality .......... NO
  Flow Routing Method ...... FV
  Cross-Section Geometry ... LEGACY
  Starting Date ............ 01/01/2026 00:00:00
  Ending Date .............. 01/01/2026 04:00:00
  Antecedent Dry Days ...... 0.0
  Report Time Step ......... 00:05:00
  Routing Time Step ........ 5.00 sec
  
  
  **************************        Volume        Volume
  Flow Routing Continuity        acre-feet      10^6 gal
  **************************     ---------     ---------
  Dry Weather Inflow .......         0.000         0.000
  Wet Weather Inflow .......         0.000         0.000
  Groundwater Inflow .......         0.000         0.000
  RDII Inflow ..............         0.000         0.000
  External Inflow ..........        13.221         4.308
  External Outflow .........         9.098         2.965
  Flooding Loss ............         0.000         0.000
  Evaporation Loss .........         0.000         0.000
  Exfiltration Loss ........         0.000         0.000
  Initial Stored Volume ....         0.000         0.000
  Final Stored Volume ......         4.123         1.344
  Continuity Error (%) .....        -0.004
  
  
  
  
  
  
  ********************************
  Highest Flow Instability Indexes
  ********************************
  All links are stable.
  
  
  
  
  *************************
  Routing Time Step Summary
  *************************
  Minimum Time Step           :     2.50 sec
  Average Time Step           :     3.75 sec
  Maximum Time Step           :     5.00 sec
  % of Time in Steady State   :     0.00
  Average Substeps per Step   :     2.00
  % of Steps Not Converging   :      n/a
  
  
  *********************
  FV Solver Statistics
  *********************
  Explicit Substeps ........          7693
  Face Flux Evaluations ....       4616400
  Avg Substep (s) ..........      1.871832
  Min Substep (s) ..........      0.003619
  Last Substep (s) .........      0.603355
  LTS Macro Cycles Fired ...             0
  LTS Macro Cycles Rejected              0
  Active Faces min/mean/max    100.0 /100.0 /100.0  (%)
  dt Argmin Pressurized (%)            0.0
  dt Argmin Taper Band (%) .           0.0
  dt Argmin Free (%) .......         100.0
  dt Argmin Node Bound (%) .           0.0
  LTS Tier 0 Occupancy (%) .         100.0
  
  
  
  
  
  
  ******************
  Node Depth Summary
  ******************

  ---------------------------------------------------------------------------------
                                 Average  Maximum  Maximum  Time of Max    Reported
                                   Depth    Depth      HGL   Occurrence   Max Depth
  Node                 Type         Feet     Feet     Feet  days hr:min        Feet
  ---------------------------------------------------------------------------------
  J0                   JUNCTION     2.29     2.29    42.29     0  01:25        2.29
  J1                   JUNCTION     2.29     2.30    41.90     0  01:24        2.30
  J2                   JUNCTION     2.29     2.30    41.50     0  01:24        2.30
  J3                   JUNCTION     2.28     2.30    41.10     0  01:25        2.30
  J4                   JUNCTION     2.28     2.30    40.70     0  01:25        2.30
  J5                   JUNCTION     2.27     2.30    40.30     0  01:25        2.30
  J6                   JUNCTION     2.27     2.30    39.90     0  01:25        2.30
  J7                   JUNCTION     2.26     2.30    39.50     0  01:26        2.30
  J8                   JUNCTION     2.26     2.30    39.10     0  01:26        2.30
  J9                   JUNCTION     2.25     2.30    38.70     0  01:26        2.30
  J10                  JUNCTION     2.24     2.30    38.30     0  01:26        2.30
  J11                  JUNCTION     2.24     2.30    37.90     0  01:26        2.30
  J12                  JUNCTION     2.23     2.30    37.50     0  01:27        2.30
  J13                  JUNCTION     2.23     2.30    37.10     0  01:27        2.30
  J14                  JUNCTION     2.22     2.30    36.70     0  01:27        2.30
  J15                  JUNCTION     2.22     2.30    36.30     0  01:27        2.30
  J16                  JUNCTION     2.21     2.30    35.90     0  01:28        2.30
  J17                  JUNCTION     2.20     2.30    35.50     0  01:28        2.30
  J18                  JUNCTION     2.20     2.30    35.10     0  01:28        2.30
  J19                  JUNCTION     2.19     2.30    34.70     0  01:28        2.30
  J20                  JUNCTION     2.19     2.30    34.30     0  01:29        2.30
  J21                  JUNCTION     2.18     2.30    33.90     0  01:29        2.30
  J22                  JUNCTION     2.17     2.30    33.50     0  01:29        2.30
  J23                  JUNCTION     2.17     2.30    33.10     0  01:29        2.30
  J24                  JUNCTION     2.16     2.30    32.70     0  01:30        2.30
  J25                  JUNCTION     2.16     2.30    32.30     0  01:30        2.30
  J26                  JUNCTION     2.15     2.30    31.90     0  01:30        2.30
  J27                  JUNCTION     2.14     2.30    31.50     0  01:30        2.30
  J28                  JUNCTION     2.14     2.30    31.10     0  01:31        2.30
  J29                  JUNCTION     2.13     2.30    30.70     0  01:31        2.30
  J30                  JUNCTION     2.13     2.30    30.30     0  01:31        2.30
  J31                  JUNCTION     2.12     2.30    29.90     0  01:31        2.30
  J32                  JUNCTION     2.12     2.30    29.50     0  01:32        2.30
  J33                  JUNCTION     2.11     2.30    29.10     0  01:32        2.30
  J34                  JUNCTION     2.10     2.30    28.70     0  01:32        2.30
  J35                  JUNCTION     2.10     2.30    28.30     0  01:33        2.30
  J36                  JUNCTION     2.09     2.30    27.90     0  01:33        2.30
  J37                  JUNCTION     2.09     2.30    27.50     0  01:33        2.30
  J38                  JUNCTION     2.08     2.30    27.10     0  01:33        2.30
  J39                  JUNCTION     2.07     2.30    26.70     0  01:34        2.30
  J40                  JUNCTION     2.07     2.30    26.30     0  01:34        2.30
  J41                  JUNCTION     2.06     2.30    25.90     0  01:34        2.30
  J42                  JUNCTION     2.06     2.30    25.50     0  01:35        2.30
  J43                  JUNCTION     2.05     2.30    25.10     0  01:35        2.30
  J44                  JUNCTION     2.04     2.30    24.70     0  01:35        2.30
  J45                  JUNCTION     2.04     2.30    24.30     0  01:36        2.30
  J46                  JUNCTION     2.03     2.30    23.90     0  01:36        2.30
  J47                  JUNCTION     2.03     2.30    23.50     0  01:36        2.30
  J48                  JUNCTION     2.02     2.30    23.10     0  01:37        2.30
  J49                  JUNCTION     2.01     2.30    22.70     0  01:37        2.30
  J50                  JUNCTION     2.01     2.30    22.30     0  01:38        2.30
  J51                  JUNCTION     2.00     2.30    21.90     0  01:38        2.30
  J52                  JUNCTION     2.00     2.30    21.50     0  01:38        2.30
  J53                  JUNCTION     1.99     2.30    21.10     0  01:39        2.30
  J54                  JUNCTION     1.98     2.30    20.70     0  01:39        2.30
  J55                  JUNCTION     1.98     2.30    20.30     0  01:39        2.30
  J56                  JUNCTION     1.97     2.30    19.90     0  01:40        2.30
  J57                  JUNCTION     1.97     2.30    19.50     0  01:40        2.30
  J58                  JUNCTION     1.96     2.30    19.10     0  01:41        2.30
  J59                  JUNCTION     1.95     2.30    18.70     0  01:41        2.30
  J60                  JUNCTION     1.95     2.30    18.30     0  01:42        2.30
  J61                  JUNCTION     1.94     2.30    17.90     0  01:42        2.30
  J62                  JUNCTION     1.94     2.30    17.50     0  01:42        2.30
  J63                  JUNCTION     1.93     2.30    17.10     0  01:43        2.30
  J64                  JUNCTION     1.92     2.30    16.70     0  01:43        2.30
  J65                  JUNCTION     1.92     2.30    16.30     0  01:44        2.30
  J66                  JUNCTION     1.91     2.30    15.90     0  01:44        2.30
  J67                  JUNCTION     1.91     2.30    15.50     0  01:45        2.30
  J68                  JUNCTION     1.90     2.30    15.10     0  01:45        2.30
  J69                  JUNCTION     1.89     2.30    14.70     0  01:46        2.30
  J70                  JUNCTION     1.89     2.30    14.30     0  01:46        2.30
  J71                  JUNCTION     1.88     2.30    13.90     0  01:47        2.30
  J72                  JUNCTION     1.88     2.30    13.50     0  01:47        2.30
  J73                  JUNCTION     1.87     2.30    13.10     0  01:48        2.30
  J74                  JUNCTION     1.86     2.30    12.70     0  01:48        2.30
  J75                  JUNCTION     1.86     2.30    12.30     0  01:49        2.30
  J76                  JUNCTION     1.85     2.30    11.90     0  01:49        2.30
  J77                  JUNCTION     1.85     2.30    11.50     0  01:50        2.30
  J78                  JUNCTION     1.84     2.30    11.10     0  01:50        2.30
  J79                  JUNCTION     1.83     2.30    10.70     0  01:51        2.30
  J80                  JUNCTION     1.83     2.30    10.30     0  01:51        2.30
  J81                  JUNCTION     1.82     2.30     9.90     0  01:52        2.30
  J82                  JUNCTION     1.82     2.30     9.50     0  01:52        2.30
  J83                  JUNCTION     1.81     2.30     9.10     0  01:53        2.30
  J84                  JUNCTION     1.80     2.30     8.70     0  01:53        2.30
  J85                  JUNCTION     1.80     2.30     8.30     0  01:54        2.30
  J86                  JUNCTION     1.79     2.30     7.90     0  01:54        2.30
  J87                  JUNCTION     1.79     2.30     7.50     0  01:55        2.30
  J88                  JUNCTION     1.78     2.30     7.10     0  01:56        2.30
  J89                  JUNCTION     1.78     2.30     6.70     0  01:56        2.30
  J90                  JUNCTION     1.77     2.30     6.30     0  01:57        2.30
  J91                  JUNCTION     1.76     2.30     5.90     0  01:57        2.30
  J92                  JUNCTION     1.76     2.30     5.50     0  01:58        2.30
  J93                  JUNCTION     1.75     2.30     5.10     0  01:58        2.30
  J94                  JUNCTION     1.75     2.30     4.70     0  01:59        2.30
  J95                  JUNCTION     1.74     2.30     4.30     0  02:00        2.30
  J96                  JUNCTION     1.73     2.30     3.90     0  02:00        2.30
  J97                  JUNCTION     1.73     2.30     3.50     0  02:01        2.30
  J98                  JUNCTION     1.72     2.30     3.10     0  02:01        2.30
  J99                  JUNCTION     1.72     2.30     2.70     0  02:02        2.30
  J100                 JUNCTION     1.71     2.30     2.30     0  02:02        2.30
  J101                 JUNCTION     1.70     2.30     1.90     0  02:03        2.30
  J102                 JUNCTION     1.70     2.30     1.50     0  02:04        2.30
  J103                 JUNCTION     1.69     2.30     1.10     0  02:04        2.30
  J104                 JUNCTION     1.69     2.30     0.70     0  02:05        2.30
  J105                 JUNCTION     1.68     2.30     0.30     0  02:05        2.30
  J106                 JUNCTION     1.67     2.30    -0.10     0  02:06        2.30
  J107                 JUNCTION     1.67     2.30    -0.50     0  02:07        2.30
  J108                 JUNCTION     1.66     2.30    -0.90     0  02:07        2.30
  J109                 JUNCTION     1.66     2.30    -1.30     0  02:08        2.30
  J110                 JUNCTION     1.65     2.30    -1.70     0  02:08        2.30
  J111                 JUNCTION     1.64     2.30    -2.10     0  02:09        2.30
  J112                 JUNCTION     1.64     2.30    -2.50     0  02:09        2.30
  J113                 JUNCTION     1.63     2.30    -2.90     0  02:10        2.30
  J114                 JUNCTION     1.63     2.30    -3.30     0  02:11        2.30
  J115                 JUNCTION     1.62     2.30    -3.70     0  02:11        2.30
  J116                 JUNCTION     1.61     2.30    -4.10     0  02:12        2.30
  J117                 JUNCTION     1.60     2.30    -4.50     0  02:12        2.30
  J118                 JUNCTION     1.59     2.28    -4.92     0  02:12        2.28
  J119                 JUNCTION     1.56     2.25    -5.35     0  02:13        2.25
  O1                   OUTFALL      1.31     1.89    -6.11     0  02:13        1.89
  
  
  *******************
  Node Inflow Summary
  *******************

  -------------------------------------------------------------------------------------------------
                                  Maximum  Maximum                  Lateral       Total        Flow
                                  Lateral    Total  Time of Max      Inflow      Inflow     Balance
                                   Inflow   Inflow   Occurrence      Volume      Volume       Error
  Node                 Type           CFS      CFS  days hr:min    10^6 gal    10^6 gal     Percent
  -------------------------------------------------------------------------------------------------
  J0                   JUNCTION     40.00    40.00     0  00:00        4.31        4.31      -0.005
  J1                   JUNCTION      0.00    40.00     0  04:00           0         4.3      -0.005
  J2                   JUNCTION      0.00    40.00     0  04:00           0        4.29      -0.005
  J3                   JUNCTION      0.00    40.00     0  04:00           0        4.27      -0.005
  J4                   JUNCTION      0.00    40.00     0  04:00           0        4.26      -0.005
  J5                   JUNCTION      0.00    40.00     0  04:00           0        4.25      -0.005
  J6                   JUNCTION      0.00    40.00     0  04:00           0        4.24      -0.005
  J7                   JUNCTION      0.00    40.00     0  04:00           0        4.23      -0.005
  J8                   JUNCTION      0.00    40.00     0  04:00           0        4.22      -0.005
  J9                   JUNCTION      0.00    40.00     0  04:00           0        4.21      -0.005
  J10                  JUNCTION      0.00    40.00     0  04:00           0         4.2      -0.005
  J11                  JUNCTION      0.00    40.00     0  04:00           0        4.18      -0.005
  J12                  JUNCTION      0.00    40.00     0  01:29           0        4.17      -0.005
  J13                  JUNCTION      0.00    40.00     0  01:29           0        4.16      -0.005
  J14                  JUNCTION      0.00    40.00     0  01:30           0        4.15      -0.005
  J15                  JUNCTION      0.00    40.00     0  01:30           0        4.14      -0.005
  J16                  JUNCTION      0.00    40.00     0  01:30           0        4.13      -0.005
  J17                  JUNCTION      0.00    40.00     0  01:30           0        4.12      -0.005
  J18                  JUNCTION      0.00    40.00     0  01:31           0        4.11      -0.005
  J19                  JUNCTION      0.00    40.00     0  01:31           0        4.09      -0.005
  J20                  JUNCTION      0.00    40.00     0  01:31           0        4.08      -0.005
  J21                  JUNCTION      0.00    40.00     0  01:32           0        4.07      -0.005
  J22                  JUNCTION      0.00    40.00     0  01:32           0        4.06      -0.005
  J23                  JUNCTION      0.00    40.00     0  01:32           0        4.05      -0.005
  J24                  JUNCTION      0.00    40.00     0  01:32           0        4.04      -0.005
  J25                  JUNCTION      0.00    40.00     0  01:33           0        4.03      -0.005
  J26                  JUNCTION      0.00    40.00     0  01:33           0        4.02      -0.005
  J27                  JUNCTION      0.00    40.00     0  01:33           0        4.01      -0.005
  J28                  JUNCTION      0.00    40.00     0  01:33           0        3.99      -0.005
  J29                  JUNCTION      0.00    40.00     0  01:34           0        3.98      -0.005
  J30                  JUNCTION      0.00    40.00     0  01:34           0        3.97      -0.005
  J31                  JUNCTION      0.00    40.00     0  01:34           0        3.96      -0.005
  J32                  JUNCTION      0.00    40.00     0  01:35           0        3.95      -0.005
  J33                  JUNCTION      0.00    40.00     0  01:35           0        3.94      -0.005
  J34                  JUNCTION      0.00    40.00     0  01:35           0        3.93      -0.006
  J35                  JUNCTION      0.00    40.00     0  01:35           0        3.92      -0.006
  J36                  JUNCTION      0.00    40.00     0  01:36           0         3.9      -0.006
  J37                  JUNCTION      0.00    40.00     0  01:36           0        3.89      -0.006
  J38                  JUNCTION      0.00    40.00     0  01:36           0        3.88      -0.006
  J39                  JUNCTION      0.00    40.00     0  01:36           0        3.87      -0.006
  J40                  JUNCTION      0.00    40.00     0  01:37           0        3.86      -0.006
  J41                  JUNCTION      0.00    40.00     0  01:37           0        3.85      -0.006
  J42                  JUNCTION      0.00    40.00     0  01:37           0        3.84      -0.006
  J43                  JUNCTION      0.00    40.00     0  01:38           0        3.83      -0.006
  J44                  JUNCTION      0.00    40.00     0  01:38           0        3.81      -0.006
  J45                  JUNCTION      0.00    40.00     0  01:38           0         3.8      -0.006
  J46                  JUNCTION      0.00    40.00     0  01:38           0        3.79      -0.006
  J47                  JUNCTION      0.00    40.00     0  01:39           0        3.78      -0.006
  J48                  JUNCTION      0.00    40.00     0  01:39           0        3.77      -0.006
  J49                  JUNCTION      0.00    40.00     0  01:39           0        3.76      -0.006
  J50                  JUNCTION      0.00    40.00     0  01:39           0        3.75      -0.006
  J51                  JUNCTION      0.00    40.00     0  01:40           0        3.74      -0.006
  J52                  JUNCTION      0.00    40.00     0  01:40           0        3.73      -0.006
  J53                  JUNCTION      0.00    40.00     0  01:40           0        3.71      -0.006
  J54                  JUNCTION      0.00    40.00     0  01:41           0         3.7      -0.006
  J55                  JUNCTION      0.00    40.00     0  01:41           0        3.69      -0.006
  J56                  JUNCTION      0.00    40.00     0  01:41           0        3.68      -0.006
  J57                  JUNCTION      0.00    40.00     0  01:41           0        3.67      -0.006
  J58                  JUNCTION      0.00    40.00     0  01:42           0        3.66      -0.006
  J59                  JUNCTION      0.00    40.00     0  01:42           0        3.65      -0.006
  J60                  JUNCTION      0.00    40.00     0  01:42           0        3.64      -0.006
  J61                  JUNCTION      0.00    40.00     0  01:43           0        3.62      -0.006
  J62                  JUNCTION      0.00    40.00     0  01:43           0        3.61      -0.006
  J63                  JUNCTION      0.00    40.00     0  01:43           0         3.6      -0.006
  J64                  JUNCTION      0.00    40.00     0  01:44           0        3.59      -0.006
  J65                  JUNCTION      0.00    40.00     0  01:44           0        3.58      -0.006
  J66                  JUNCTION      0.00    40.00     0  01:44           0        3.57      -0.006
  J67                  JUNCTION      0.00    40.00     0  01:45           0        3.56      -0.006
  J68                  JUNCTION      0.00    40.00     0  01:45           0        3.55      -0.006
  J69                  JUNCTION      0.00    40.00     0  01:46           0        3.53      -0.006
  J70                  JUNCTION      0.00    40.00     0  01:46           0        3.52      -0.006
  J71                  JUNCTION      0.00    40.00     0  01:46           0        3.51      -0.006
  J72                  JUNCTION      0.00    40.00     0  01:47           0         3.5      -0.006
  J73                  JUNCTION      0.00    40.00     0  01:47           0        3.49      -0.006
  J74                  JUNCTION      0.00    40.00     0  01:48           0        3.48      -0.006
  J75                  JUNCTION      0.00    40.00     0  01:48           0        3.47      -0.006
  J76                  JUNCTION      0.00    40.00     0  01:49           0        3.46      -0.006
  J77                  JUNCTION      0.00    40.00     0  01:49           0        3.45      -0.006
  J78                  JUNCTION      0.00    40.00     0  01:50           0        3.43      -0.006
  J79                  JUNCTION      0.00    40.00     0  01:50           0        3.42      -0.006
  J80                  JUNCTION      0.00    40.00     0  01:51           0        3.41      -0.006
  J81                  JUNCTION      0.00    40.00     0  01:51           0         3.4      -0.006
  J82                  JUNCTION      0.00    40.00     0  01:52           0        3.39      -0.006
  J83                  JUNCTION      0.00    40.00     0  01:52           0        3.38      -0.006
  J84                  JUNCTION      0.00    40.00     0  01:53           0        3.37      -0.006
  J85                  JUNCTION      0.00    40.00     0  01:53           0        3.36      -0.006
  J86                  JUNCTION      0.00    40.00     0  01:54           0        3.34      -0.006
  J87                  JUNCTION      0.00    40.00     0  01:54           0        3.33      -0.006
  J88                  JUNCTION      0.00    40.00     0  01:55           0        3.32      -0.007
  J89                  JUNCTION      0.00    40.00     0  01:55           0        3.31      -0.007
  J90                  JUNCTION      0.00    40.00     0  01:56           0         3.3      -0.007
  J91                  JUNCTION      0.00    40.00     0  01:56           0        3.29      -0.007
  J92                  JUNCTION      0.00    40.00     0  01:57           0        3.28      -0.007
  J93                  JUNCTION      0.00    40.00     0  01:57           0        3.27      -0.007
  J94                  JUNCTION      0.00    40.00     0  01:58           0        3.25      -0.007
  J95                  JUNCTION      0.00    40.00     0  01:59           0        3.24      -0.007
  J96                  JUNCTION      0.00    40.00     0  01:59           0        3.23      -0.007
  J97                  JUNCTION      0.00    40.00     0  02:00           0        3.22      -0.007
  J98                  JUNCTION      0.00    40.00     0  02:00           0        3.21      -0.007
  J99                  JUNCTION      0.00    40.00     0  02:01           0         3.2      -0.007
  J100                 JUNCTION      0.00    40.00     0  02:01           0        3.19      -0.007
  J101                 JUNCTION      0.00    40.00     0  02:02           0        3.18      -0.007
  J102                 JUNCTION      0.00    40.00     0  02:02           0        3.16      -0.007
  J103                 JUNCTION      0.00    40.00     0  02:03           0        3.15      -0.007
  J104                 JUNCTION      0.00    40.00     0  02:04           0        3.14      -0.007
  J105                 JUNCTION      0.00    40.00     0  02:04           0        3.13      -0.007
  J106                 JUNCTION      0.00    40.00     0  02:05           0        3.12      -0.007
  J107                 JUNCTION      0.00    40.00     0  02:05           0        3.11      -0.007
  J108                 JUNCTION      0.00    40.00     0  02:06           0         3.1      -0.007
  J109                 JUNCTION      0.00    40.00     0  02:07           0        3.09      -0.007
  J110                 JUNCTION      0.00    40.00     0  02:07           0        3.08      -0.007
  J111                 JUNCTION      0.00    40.00     0  02:08           0        3.06      -0.007
  J112                 JUNCTION      0.00    40.00     0  02:08           0        3.05      -0.007
  J113                 JUNCTION      0.00    40.00     0  02:09           0        3.04      -0.007
  J114                 JUNCTION      0.00    40.00     0  02:10           0        3.03      -0.007
  J115                 JUNCTION      0.00    40.00     0  02:10           0        3.02      -0.007
  J116                 JUNCTION      0.00    40.00     0  02:11           0        3.01      -0.007
  J117                 JUNCTION      0.00    40.00     0  02:11           0           3      -0.007
  J118                 JUNCTION      0.00    40.00     0  02:12           0        2.99      -0.007
  J119                 JUNCTION      0.00    40.00     0  02:12           0        2.97      -0.007
  O1                   OUTFALL       0.00    40.00     0  02:13           0        2.96      -0.006
  
  
  
  
  *********************
  Node Flooding Summary
  *********************
  
  No nodes were flooded.
  
  
  ***********************
  Outfall Loading Summary
  ***********************
 
  ----------------------------------------------------------- 
                         Flow       Avg       Max       Total 
                         Freq      Flow      Flow      Volume 
  Outfall Node           Pcnt       CFS       CFS    10^6 gal 
  -----------------------------------------------------------
  O1                    70.13     39.26     40.00       2.965 
  -----------------------------------------------------------
  System                70.13     39.26     40.00       2.965
  
  
  ********************
  Link Flow Summary
  ********************

  -----------------------------------------------------------------------------
                                 Maximum  Time of Max   Maximum    Max/    Max/
                                  |Flow|   Occurrence   |Veloc|    Full    Full
  Link                 Type          CFS  days hr:min    ft/sec    Flow   Depth
  -----------------------------------------------------------------------------
  C0                   CONDUIT     40.00     0  04:00      7.78    0.62    0.58
  C1                   CONDUIT     40.00     0  04:00      7.24    0.62    0.58
  C2                   CONDUIT     40.00     0  04:00      6.55    0.62    0.58
  C3                   CONDUIT     40.00     0  04:00      6.25    0.62    0.58
  C4                   CONDUIT     40.00     0  04:00      6.06    0.62    0.58
  C5                   CONDUIT     40.00     0  04:00      5.94    0.62    0.58
  C6                   CONDUIT     40.00     0  04:00      5.85    0.62    0.58
  C7                   CONDUIT     40.00     0  04:00      5.78    0.62    0.58
  C8                   CONDUIT     40.00     0  04:00      5.73    0.62    0.58
  C9                   CONDUIT     40.00     0  04:00      5.68    0.62    0.58
  C10                  CONDUIT     40.00     0  04:00      5.64    0.62    0.58
  C11                  CONDUIT     40.00     0  01:29      5.61    0.62    0.58
  C12                  CONDUIT     40.00     0  01:29      5.59    0.62    0.58
  C13                  CONDUIT     40.00     0  01:30      5.56    0.62    0.58
  C14                  CONDUIT     40.00     0  01:30      5.54    0.62    0.58
  C15                  CONDUIT     40.00     0  01:30      5.53    0.62    0.58
  C16                  CONDUIT     40.00     0  01:30      5.51    0.62    0.58
  C17                  CONDUIT     40.00     0  01:31      5.50    0.62    0.58
  C18                  CONDUIT     40.00     0  01:31      5.49    0.62    0.58
  C19                  CONDUIT     40.00     0  01:31      5.48    0.62    0.58
  C20                  CONDUIT     40.00     0  01:31      5.47    0.62    0.58
  C21                  CONDUIT     40.00     0  01:32      5.46    0.62    0.58
  C22                  CONDUIT     40.00     0  01:32      5.45    0.62    0.58
  C23                  CONDUIT     40.00     0  01:32      5.44    0.62    0.58
  C24                  CONDUIT     40.00     0  01:32      5.44    0.62    0.58
  C25                  CONDUIT     40.00     0  01:33      5.43    0.62    0.58
  C26                  CONDUIT     40.00     0  01:33      5.43    0.62    0.58
  C27                  CONDUIT     40.00     0  01:33      5.42    0.62    0.58
  C28                  CONDUIT     40.00     0  01:34      5.42    0.62    0.58
  C29                  CONDUIT     40.00     0  01:34      5.41    0.62    0.58
  C30                  CONDUIT     40.00     0  01:34      5.41    0.62    0.58
  C31                  CONDUIT     40.00     0  01:34      5.40    0.62    0.58
  C32                  CONDUIT     40.00     0  01:35      5.40    0.62    0.58
  C33                  CONDUIT     40.00     0  01:35      5.40    0.62    0.58
  C34                  CONDUIT     40.00     0  01:35      5.39    0.62    0.58
  C35                  CONDUIT     40.00     0  01:35      5.39    0.62    0.58
  C36                  CONDUIT     40.00     0  01:36      5.39    0.62    0.58
  C37                  CONDUIT     40.00     0  01:36      5.39    0.62    0.58
  C38                  CONDUIT     40.00     0  01:36      5.38    0.62    0.58
  C39                  CONDUIT     40.00     0  01:37      5.38    0.62    0.58
  C40                  CONDUIT     40.00     0  01:37      5.38    0.62    0.58
  C41                  CONDUIT     40.00     0  01:37      5.38    0.62    0.58
  C42                  CONDUIT     40.00     0  01:37      5.38    0.62    0.58
  C43                  CONDUIT     40.00     0  01:38      5.37    0.62    0.58
  C44                  CONDUIT     40.00     0  01:38      5.37    0.62    0.58
  C45                  CONDUIT     40.00     0  01:38      5.37    0.62    0.58
  C46                  CONDUIT     40.00     0  01:39      5.37    0.62    0.58
  C47                  CONDUIT     40.00     0  01:39      5.37    0.62    0.58
  C48                  CONDUIT     40.00     0  01:39      5.37    0.62    0.58
  C49                  CONDUIT     40.00     0  01:39      5.37    0.62    0.58
  C50                  CONDUIT     40.00     0  01:40      5.36    0.62    0.58
  C51                  CONDUIT     40.00     0  01:40      5.36    0.62    0.58
  C52                  CONDUIT     40.00     0  01:40      5.36    0.62    0.58
  C53                  CONDUIT     40.00     0  01:40      5.36    0.62    0.58
  C54                  CONDUIT     40.00     0  01:41      5.36    0.62    0.58
  C55                  CONDUIT     40.00     0  01:41      5.36    0.62    0.58
  C56                  CONDUIT     40.00     0  01:41      5.36    0.62    0.58
  C57                  CONDUIT     40.00     0  01:42      5.36    0.62    0.58
  C58                  CONDUIT     40.00     0  01:42      5.36    0.62    0.58
  C59                  CONDUIT     40.00     0  01:42      5.36    0.62    0.58
  C60                  CONDUIT     40.00     0  01:43      5.36    0.62    0.58
  C61                  CONDUIT     40.00     0  01:43      5.36    0.62    0.58
  C62                  CONDUIT     40.00     0  01:43      5.35    0.62    0.58
  C63                  CONDUIT     40.00     0  01:44      5.35    0.62    0.58
  C64                  CONDUIT     40.00     0  01:44      5.35    0.62    0.58
  C65                  CONDUIT     40.00     0  01:44      5.35    0.62    0.58
  C66                  CONDUIT     40.00     0  01:45      5.35    0.62    0.58
  C67                  CONDUIT     40.00     0  01:45      5.35    0.62    0.58
  C68                  CONDUIT     40.00     0  01:45      5.35    0.62    0.58
  C69                  CONDUIT     40.00     0  01:46      5.35    0.62    0.58
  C70                  CONDUIT     40.00     0  01:46      5.35    0.62    0.58
  C71                  CONDUIT     40.00     0  01:47      5.35    0.62    0.58
  C72                  CONDUIT     40.00     0  01:47      5.35    0.62    0.58
  C73                  CONDUIT     40.00     0  01:47      5.35    0.62    0.58
  C74                  CONDUIT     40.00     0  01:48      5.35    0.62    0.58
  C75                  CONDUIT     40.00     0  01:48      5.35    0.62    0.58
  C76                  CONDUIT     40.00     0  01:49      5.35    0.62    0.58
  C77                  CONDUIT     40.00     0  01:49      5.35    0.62    0.58
  C78                  CONDUIT     40.00     0  01:50      5.35    0.62    0.58
  C79                  CONDUIT     40.00     0  01:50      5.35    0.62    0.58
  C80                  CONDUIT     40.00     0  01:51      5.35    0.62    0.58
  C81                  CONDUIT     40.00     0  01:51      5.35    0.62    0.58
  C82                  CONDUIT     40.00     0  01:52      5.35    0.62    0.58
  C83                  CONDUIT     40.00     0  01:52      5.35    0.62    0.58
  C84                  CONDUIT     40.00     0  01:53      5.35    0.62    0.58
  C85                  CONDUIT     40.00     0  01:53      5.35    0.62    0.58
  C86                  CONDUIT     40.00     0  01:54      5.35    0.62    0.58
  C87                  CONDUIT     40.00     0  01:54      5.35    0.62    0.58
  C88                  CONDUIT     40.00     0  01:55      5.35    0.62    0.58
  C89                  CONDUIT     40.00     0  01:55      5.34    0.62    0.58
  C90                  CONDUIT     40.00     0  01:56      5.34    0.62    0.58
  C91                  CONDUIT     40.00     0  01:57      5.34    0.62    0.58
  C92                  CONDUIT     40.00     0  01:57      5.34    0.62    0.58
  C93                  CONDUIT     40.00     0  01:58      5.34    0.62    0.58
  C94                  CONDUIT     40.00     0  01:58      5.34    0.62    0.58
  C95                  CONDUIT     40.00     0  01:59      5.34    0.62    0.58
  C96                  CONDUIT     40.00     0  01:59      5.34    0.62    0.58
  C97                  CONDUIT     40.00     0  02:00      5.34    0.62    0.58
  C98                  CONDUIT     40.00     0  02:00      5.34    0.62    0.58
  C99                  CONDUIT     40.00     0  02:01      5.34    0.62    0.58
  C100                 CONDUIT     40.00     0  02:02      5.34    0.62    0.58
  C101                 CONDUIT     40.00     0  02:02      5.34    0.62    0.58
  C102                 CONDUIT     40.00     0  02:03      5.34    0.62    0.58
  C103                 CONDUIT     40.00     0  02:03      5.34    0.62    0.58
  C104                 CONDUIT     40.00     0  02:04      5.34    0.62    0.58
  C105                 CONDUIT     40.00     0  02:05      5.34    0.62    0.58
  C106                 CONDUIT     40.00     0  02:05      5.34    0.62    0.58
  C107                 CONDUIT     40.00     0  02:06      5.34    0.62    0.58
  C108                 CONDUIT     40.00     0  02:06      5.34    0.62    0.58
  C109                 CONDUIT     40.00     0  02:07      5.34    0.62    0.58
  C110                 CONDUIT     40.00     0  02:07      5.34    0.62    0.58
  C111                 CONDUIT     40.00     0  02:08      5.34    0.62    0.58
  C112                 CONDUIT     40.00     0  02:09      5.34    0.62    0.58
  C113                 CONDUIT     40.00     0  02:09      5.34    0.62    0.58
  C114                 CONDUIT     40.00     0  02:10      5.34    0.62    0.58
  C115                 CONDUIT     40.00     0  02:10      5.35    0.62    0.58
  C116                 CONDUIT     40.00     0  02:11      5.36    0.62    0.57
  C117                 CONDUIT     40.00     0  02:12      5.38    0.62    0.57
  C118                 CONDUIT     40.00     0  02:12      5.45    0.62    0.57
  C119                 CONDUIT     40.00     0  02:12      5.71    0.62    0.54
  
  
  ***************************
  Flow Classification Summary
  ***************************

  -------------------------------------------------------------------------------------
                      Adjusted    ---------- Fraction of Time in Flow Class ---------- 
                       /Actual         Up    Down  Sub   Sup   Up    Down  Norm  Inlet 
  Conduit               Length    Dry  Dry   Dry   Crit  Crit  Crit  Crit  Ltd   Ctrl  
  -------------------------------------------------------------------------------------
  C0                      1.00   0.00  0.00  0.00  1.00  0.00  0.00  0.00  0.00  0.00
  C1                      1.00   0.00  0.00  0.00  1.00  0.00  0.00  0.00  0.00  0.00
  C2                      1.00   0.00  0.00  0.00  0.99  0.01  0.00  0.00  0.00  0.00
  C3                      1.00   0.00  0.00  0.00  0.99  0.01  0.00  0.00  0.00  0.00
  C4                      1.00   0.00  0.00  0.00  0.99  0.01  0.00  0.00  0.00  0.00
  C5                      1.00   0.00  0.00  0.00  0.99  0.01  0.00  0.00  0.00  0.00
  C6                      1.00   0.00  0.00  0.00  0.99  0.01  0.00  0.00  0.00  0.00
  C7                      1.00   0.00  0.00  0.00  0.99  0.01  0.00  0.00  0.00  0.00
  C8                      1.00   0.00  0.00  0.00  0.99  0.01  0.00  0.00  0.00  0.00
  C9                      1.00   0.00  0.00  0.00  0.99  0.01  0.00  0.00  0.00  0.00
  C10                     1.00   0.00  0.00  0.00  0.99  0.01  0.00  0.00  0.00  0.00
  C11                     1.00   0.00  0.00  0.00  0.99  0.01  0.00  0.00  0.00  0.00
  C12                     1.00   0.00  0.00  0.00  0.99  0.01  0.00  0.00  0.00  0.00
  C13                     1.00   0.00  0.00  0.00  0.99  0.01  0.00  0.00  0.00  0.00
  C14                     1.00   0.00  0.00  0.00  0.99  0.01  0.00  0.00  0.00  0.00
  C15                     1.00   0.00  0.00  0.00  0.99  0.01  0.00  0.00  0.00  0.00
  C16                     1.00   0.00  0.00  0.00  0.99  0.01  0.00  0.00  0.00  0.00
  C17                     1.00   0.00  0.00  0.00  0.99  0.01  0.00  0.00  0.00  0.00
  C18                     1.00   0.00  0.00  0.00  0.99  0.01  0.00  0.00  0.00  0.00
  C19                     1.00   0.00  0.00  0.00  0.99  0.01  0.00  0.00  0.00  0.00
  C20                     1.00   0.00  0.00  0.00  0.99  0.01  0.00  0.00  0.00  0.00
  C21                     1.00   0.00  0.00  0.00  0.99  0.01  0.00  0.00  0.00  0.00
  C22                     1.00   0.00  0.00  0.00  0.99  0.01  0.00  0.00  0.00  0.00
  C23                     1.00   0.00  0.00  0.00  0.99  0.01  0.00  0.00  0.00  0.00
  C24                     1.00   0.00  0.00  0.00  0.99  0.01  0.00  0.00  0.00  0.00
  C25                     1.00   0.00  0.00  0.00  0.99  0.01  0.00  0.00  0.00  0.00
  C26                     1.00   0.00  0.00  0.00  0.99  0.01  0.00  0.00  0.00  0.00
  C27                     1.00   0.00  0.00  0.00  0.99  0.01  0.00  0.00  0.00  0.00
  C28                     1.00   0.00  0.00  0.00  0.99  0.01  0.00  0.00  0.00  0.00
  C29                     1.00   0.00  0.00  0.00  0.99  0.01  0.00  0.00  0.00  0.00
  C30                     1.00   0.00  0.00  0.00  0.99  0.01  0.00  0.00  0.00  0.00
  C31                     1.00   0.00  0.00  0.00  0.99  0.01  0.00  0.00  0.00  0.00
  C32                     1.00   0.00  0.00  0.00  0.99  0.01  0.00  0.00  0.00  0.00
  C33                     1.00   0.00  0.00  0.00  0.99  0.01  0.00  0.00  0.00  0.00
  C34                     1.00   0.00  0.00  0.00  0.99  0.01  0.00  0.00  0.00  0.00
  C35                     1.00   0.00  0.00  0.00  0.99  0.01  0.00  0.00  0.00  0.00
  C36                     1.00   0.00  0.00  0.00  0.99  0.01  0.00  0.00  0.00  0.00
  C37                     1.00   0.00  0.00  0.00  0.99  0.01  0.00  0.00  0.00  0.00
  C38                     1.00   0.00  0.00  0.00  0.99  0.01  0.00  0.00  0.00  0.00
  C39                     1.00   0.00  0.00  0.00  0.99  0.01  0.00  0.00  0.00  0.00
  C40                     1.00   0.00  0.00  0.00  0.99  0.01  0.00  0.00  0.00  0.00
  C41                     1.00   0.00  0.00  0.00  0.99  0.01  0.00  0.00  0.00  0.00
  C42                     1.00   0.00  0.00  0.00  0.99  0.01  0.00  0.00  0.00  0.00
  C43                     1.00   0.00  0.00  0.00  0.99  0.01  0.00  0.00  0.00  0.00
  C44                     1.00   0.00  0.00  0.00  0.99  0.01  0.00  0.00  0.00  0.00
  C45                     1.00   0.00  0.00  0.00  0.99  0.01  0.00  0.00  0.00  0.00
  C46                     1.00   0.00  0.00  0.00  0.99  0.01  0.00  0.00  0.00  0.00
  C47                     1.00   0.00  0.00  0.00  0.99  0.01  0.00  0.00  0.00  0.00
  C48                     1.00   0.00  0.00  0.00  0.99  0.01  0.00  0.00  0.00  0.00
  C49                     1.00   0.00  0.00  0.00  0.99  0.01  0.00  0.00  0.00  0.00
  C50                     1.00   0.00  0.00  0.00  0.99  0.01  0.00  0.00  0.00  0.00
  C51                     1.00   0.00  0.00  0.00  0.99  0.01  0.00  0.00  0.00  0.00
  C52                     1.00   0.00  0.00  0.00  0.99  0.01  0.00  0.00  0.00  0.00
  C53                     1.00   0.00  0.00  0.00  0.99  0.01  0.00  0.00  0.00  0.00
  C54                     1.00   0.00  0.00  0.00  0.99  0.01  0.00  0.00  0.00  0.00
  C55                     1.00   0.00  0.00  0.00  0.99  0.01  0.00  0.00  0.00  0.00
  C56                     1.00   0.00  0.00  0.00  0.99  0.01  0.00  0.00  0.00  0.00
  C57                     1.00   0.00  0.00  0.00  0.99  0.01  0.00  0.00  0.00  0.00
  C58                     1.00   0.00  0.00  0.00  0.99  0.01  0.00  0.00  0.00  0.00
  C59                     1.00   0.00  0.00  0.00  0.99  0.01  0.00  0.00  0.00  0.00
  C60                     1.00   0.00  0.00  0.00  0.99  0.01  0.00  0.00  0.00  0.00
  C61                     1.00   0.00  0.00  0.00  0.99  0.01  0.00  0.00  0.00  0.00
  C62                     1.00   0.00  0.00  0.00  0.99  0.01  0.00  0.00  0.00  0.00
  C63                     1.00   0.00  0.00  0.00  0.99  0.01  0.00  0.00  0.00  0.00
  C64                     1.00   0.00  0.00  0.00  0.99  0.01  0.00  0.00  0.00  0.00
  C65                     1.00   0.00  0.00  0.00  0.99  0.01  0.00  0.00  0.00  0.00
  C66                     1.00   0.00  0.00  0.00  0.99  0.01  0.00  0.00  0.00  0.00
  C67                     1.00   0.00  0.00  0.00  0.99  0.01  0.00  0.00  0.00  0.00
  C68                     1.00   0.00  0.00  0.00  0.99  0.01  0.00  0.00  0.00  0.00
  C69                     1.00   0.00  0.00  0.00  0.99  0.01  0.00  0.00  0.00  0.00
  C70                     1.00   0.00  0.00  0.00  0.99  0.01  0.00  0.00  0.00  0.00
  C71                     1.00   0.00  0.00  0.00  0.99  0.01  0.00  0.00  0.00  0.00
  C72                     1.00   0.00  0.00  0.00  0.99  0.01  0.00  0.00  0.00  0.00
  C73                     1.00   0.00  0.00  0.00  0.99  0.01  0.00  0.00  0.00  0.00
  C74                     1.00   0.00  0.00  0.00  0.99  0.01  0.00  0.00  0.00  0.00
  C75                     1.00   0.00  0.00  0.00  0.99  0.01  0.00  0.00  0.00  0.00
  C76                     1.00   0.00  0.00  0.00  0.99  0.01  0.00  0.00  0.00  0.00
  C77                     1.00   0.00  0.00  0.00  0.99  0.01  0.00  0.00  0.00  0.00
  C78                     1.00   0.00  0.00  0.00  0.99  0.01  0.00  0.00  0.00  0.00
  C79                     1.00   0.00  0.00  0.00  0.99  0.01  0.00  0.00  0.00  0.00
  C80                     1.00   0.00  0.00  0.00  0.99  0.01  0.00  0.00  0.00  0.00
  C81                     1.00   0.00  0.00  0.00  0.99  0.01  0.00  0.00  0.00  0.00
  C82                     1.00   0.00  0.00  0.00  0.99  0.01  0.00  0.00  0.00  0.00
  C83                     1.00   0.00  0.00  0.00  0.99  0.01  0.00  0.00  0.00  0.00
  C84                     1.00   0.00  0.00  0.00  0.99  0.01  0.00  0.00  0.00  0.00
  C85                     1.00   0.00  0.00  0.00  0.99  0.01  0.00  0.00  0.00  0.00
  C86                     1.00   0.00  0.00  0.00  0.99  0.01  0.00  0.00  0.00  0.00
  C87                     1.00   0.00  0.00  0.00  0.99  0.01  0.00  0.00  0.00  0.00
  C88                     1.00   0.00  0.00  0.00  0.99  0.01  0.00  0.00  0.00  0.00
  C89                     1.00   0.00  0.00  0.00  0.99  0.01  0.00  0.00  0.00  0.00
  C90                     1.00   0.00  0.00  0.00  0.99  0.01  0.00  0.00  0.00  0.00
  C91                     1.00   0.00  0.00  0.00  0.99  0.01  0.00  0.00  0.00  0.00
  C92                     1.00   0.00  0.00  0.00  0.99  0.01  0.00  0.00  0.00  0.00
  C93                     1.00   0.00  0.00  0.00  0.99  0.01  0.00  0.00  0.00  0.00
  C94                     1.00   0.00  0.00  0.00  0.99  0.01  0.00  0.00  0.00  0.00
  C95                     1.00   0.00  0.00  0.00  0.99  0.01  0.00  0.00  0.00  0.00
  C96                     1.00   0.00  0.00  0.00  0.99  0.01  0.00  0.00  0.00  0.00
  C97                     1.00   0.00  0.00  0.00  0.99  0.01  0.00  0.00  0.00  0.00
  C98                     1.00   0.00  0.00  0.00  0.99  0.01  0.00  0.00  0.00  0.00
  C99                     1.00   0.00  0.00  0.00  0.99  0.01  0.00  0.00  0.00  0.00
  C100                    1.00   0.00  0.00  0.00  0.99  0.01  0.00  0.00  0.00  0.00
  C101                    1.00   0.00  0.00  0.00  0.99  0.01  0.00  0.00  0.00  0.00
  C102                    1.00   0.00  0.00  0.00  0.99  0.01  0.00  0.00  0.00  0.00
  C103                    1.00   0.00  0.00  0.00  0.99  0.01  0.00  0.00  0.00  0.00
  C104                    1.00   0.00  0.00  0.00  0.99  0.01  0.00  0.00  0.00  0.00
  C105                    1.00   0.00  0.00  0.00  0.99  0.01  0.00  0.00  0.00  0.00
  C106                    1.00   0.00  0.00  0.00  0.99  0.01  0.00  0.00  0.00  0.00
  C107                    1.00   0.00  0.00  0.00  0.99  0.01  0.00  0.00  0.00  0.00
  C108                    1.00   0.00  0.00  0.00  0.99  0.01  0.00  0.00  0.00  0.00
  C109                    1.00   0.00  0.00  0.00  0.99  0.01  0.00  0.00  0.00  0.00
  C110                    1.00   0.00  0.00  0.00  0.99  0.01  0.00  0.00  0.00  0.00
  C111                    1.00   0.00  0.00  0.00  0.99  0.01  0.00  0.00  0.00  0.00
  C112                    1.00   0.00  0.00  0.00  0.99  0.01  0.00  0.00  0.00  0.00
  C113                    1.00   0.00  0.00  0.00  0.99  0.01  0.00  0.00  0.00  0.00
  C114                    1.00   0.00  0.00  0.00  0.99  0.01  0.00  0.00  0.00  0.00
  C115                    1.00   0.00  0.00  0.00  0.99  0.01  0.00  0.00  0.00  0.00
  C116                    1.00   0.00  0.00  0.00  0.99  0.01  0.00  0.00  0.00  0.00
  C117                    1.00   0.00  0.00  0.00  0.99  0.01  0.00  0.00  0.00  0.00
  C118                    1.00   0.00  0.00  0.00  0.99  0.01  0.00  0.00  0.00  0.00
  C119                    1.00   0.00  0.00  0.00  0.99  0.01  0.00  0.00  0.00  0.00
  
  *************************
  Conduit Surcharge Summary
  *************************
  
  No conduits were surcharged.
  
  

  Analysis begun on:  Wed Oct  7 22:40:56 2026
  Analysis ended on:  Wed Oct  7 22:40:58 2026
  Total elapsed time: 00:00:02
