
  OPENSWMM ENGINE - VERSION 6.0.0-alpha.3
  ------------------------------------------------------------

  
  ****************
  Analysis Options
  ****************
  Flow Units ............... CFS
  Process Models:
    Rainfall/Runoff ........ NO
    RDII ................... NO
    Snowmelt ............... NO
    Groundwater ............ NO
    Flow Routing ........... YES
    Ponding Allowed ........ NO
    Water Quality .......... NO
  Flow Routing Method ...... FV
  Cross-Section Geometry ... LEGACY
  Starting Date ............ 01/01/2026 00:00:00
  Ending Date .............. 01/01/2026 01:00:00
  Antecedent Dry Days ...... 0.0
  Report Time Step ......... 00:01:00
  Routing Time Step ........ 5.00 sec
  
  
  **************************        Volume        Volume
  Flow Routing Continuity        acre-feet      10^6 gal
  **************************     ---------     ---------
  Dry Weather Inflow .......         0.000         0.000
  Wet Weather Inflow .......         0.000         0.000
  Groundwater Inflow .......         0.000         0.000
  RDII Inflow ..............         0.000         0.000
  External Inflow ..........         1.239         0.404
  External Outflow .........         1.212         0.395
  Flooding Loss ............         0.000         0.000
  Evaporation Loss .........         0.000         0.000
  Exfiltration Loss ........         0.000         0.000
  Initial Stored Volume ....         0.000         0.000
  Final Stored Volume ......         0.027         0.009
  Continuity Error (%) .....        -0.017
  
  
  
  
  
  
  ********************************
  Highest Flow Instability Indexes
  ********************************
  All links are stable.
  
  
  
  
  *************************
  Routing Time Step Summary
  *************************
  Minimum Time Step           :     1.25 sec
  Average Time Step           :     3.75 sec
  Maximum Time Step           :     5.00 sec
  % of Time in Steady State   :     0.00
  Average Substeps per Step   :     2.00
  % of Steps Not Converging   :      n/a
  
  
  *********************
  FV Solver Statistics
  *********************
  Explicit Substeps ........          1918
  Face Flux Evaluations ....         19180
  Avg Substep (s) ..........      1.876955
  Min Substep (s) ..........      1.250000
  Last Substep (s) .........      1.250000
  LTS Macro Cycles Fired ...             0
  LTS Macro Cycles Rejected              0
  Active Faces min/mean/max    100.0 /100.0 /100.0  (%)
  dt Argmin Pressurized (%)            0.0
  dt Argmin Taper Band (%) .           0.0
  dt Argmin Free (%) .......         100.0
  dt Argmin Node Bound (%) .           0.0
  LTS Tier 0 Occupancy (%) .         100.0
  
  
  
  
  
  
  ******************
  Node Depth Summary
  ******************

  ---------------------------------------------------------------------------------
                                 Average  Maximum  Maximum  Time of Max    Reported
                                   Depth    Depth      HGL   Occurrence   Max Depth
  Node                 Type         Feet     Feet     Feet  days hr:min        Feet
  ---------------------------------------------------------------------------------
  J1                   JUNCTION     1.23     1.23   101.23     0  00:15        1.23
  J2                   JUNCTION     1.26     1.27   100.27     0  00:15        1.27
  OF                   OUTFALL      1.20     1.21    99.21     0  00:15        1.21
  
  
  *******************
  Node Inflow Summary
  *******************

  -------------------------------------------------------------------------------------------------
                                  Maximum  Maximum                  Lateral       Total        Flow
                                  Lateral    Total  Time of Max      Inflow      Inflow     Balance
                                   Inflow   Inflow   Occurrence      Volume      Volume       Error
  Node                 Type           CFS      CFS  days hr:min    10^6 gal    10^6 gal     Percent
  -------------------------------------------------------------------------------------------------
  J1                   JUNCTION     15.00    15.00     0  00:00       0.404       0.404      -0.000
  J2                   JUNCTION      0.00    15.00     0  01:00           0       0.399      -0.000
  OF                   OUTFALL       0.00    15.00     0  01:00           0       0.395      -0.000
  
  
  
  
  *********************
  Node Flooding Summary
  *********************
  
  No nodes were flooded.
  
  
  ***********************
  Outfall Loading Summary
  ***********************
 
  ----------------------------------------------------------- 
                         Flow       Avg       Max       Total 
                         Freq      Flow      Flow      Volume 
  Outfall Node           Pcnt       CFS       CFS    10^6 gal 
  -----------------------------------------------------------
  OF                    99.17     14.81     15.00       0.395 
  -----------------------------------------------------------
  System                99.17     14.81     15.00       0.395
  
  
  ********************
  Link Flow Summary
  ********************

  -----------------------------------------------------------------------------
                                 Maximum  Time of Max   Maximum    Max/    Max/
                                  |Flow|   Occurrence   |Veloc|    Full    Full
  Link                 Type          CFS  days hr:min    ft/sec    Flow   Depth
  -----------------------------------------------------------------------------
  C1                   CONDUIT     15.00     0  01:00      5.72    0.34    0.43
  C2                   CONDUIT     15.00     0  01:00      5.80    0.34    0.42
  
  
  ***************************
  Flow Classification Summary
  ***************************

  -------------------------------------------------------------------------------------
                      Adjusted    ---------- Fraction of Time in Flow Class ---------- 
                       /Actual         Up    Down  Sub   Sup   Up    Down  Norm  Inlet 
  Conduit               Length    Dry  Dry   Dry   Crit  Crit  Crit  Crit  Ltd   Ctrl  
  -------------------------------------------------------------------------------------
  C1                      1.00   0.00  0.00  0.00  0.99  0.01  0.00  0.00  0.00  0.00
  C2                      1.00   0.00  0.00  0.00  0.97  0.03  0.00  0.00  0.00  0.00
  
  *************************
  Conduit Surcharge Summary
  *************************
  
  No conduits were surcharged.
  
  

  Analysis begun on:  Wed Oct  7 22:41:12 2026
  Analysis ended on:  Wed Oct  7 22:41:12 2026
  Total elapsed time: < 1 sec
