2026-05-23 21:40:18,819 - aqt.main - INFO - installer 140704586541312 aqtinstall(aqt) v3.3.0 on Python 3.12.7 [CPython Clang 13.0.0 (clang-1300.0.29.30)]
2026-05-23 21:40:18,820 - aqt.helper - DEBUG - helper 140704586541312 Attempt to download checksum at https://download.qt.io/online/qtsdkrepository/mac_x64/desktop/qt6_673/Updates.xml.sha256
2026-05-23 21:40:20,911 - aqt.helper - DEBUG - helper 140704586541312 Attempt to download checksum at https://download.qt.io/online/qtsdkrepository/mac_x64/desktop/qt6_673/qt.qt6.673.addons.qtcharts.clang_64/6.7.3-0-202409200834qtcharts-MacOS-MacOS_13-Clang-MacOS-MacOS_13-X86_64-ARM64.7z.sha256
2026-05-23 21:40:20,917 - aqt.helper - DEBUG - helper 140704586541312 Attempt to download checksum at https://download.qt.io/online/qtsdkrepository/mac_x64/desktop/qt6_673/qt.qt6.673.clang_64/6.7.3-0-202409200834qtbase-MacOS-MacOS_13-Clang-MacOS-MacOS_13-X86_64-ARM64.7z.sha256
2026-05-23 21:40:20,920 - aqt.helper - DEBUG - helper 140704586541312 Attempt to download checksum at https://download.qt.io/online/qtsdkrepository/mac_x64/desktop/qt6_673/qt.qt6.673.clang_64/6.7.3-0-202409200834qtdeclarative-MacOS-MacOS_13-Clang-MacOS-MacOS_13-X86_64-ARM64.7z.sha256
2026-05-23 21:40:20,928 - aqt.helper - DEBUG - helper 140704586541312 Attempt to download checksum at https://download.qt.io/online/qtsdkrepository/mac_x64/desktop/qt6_673/qt.qt6.673.clang_64/6.7.3-0-202409200834qtsvg-MacOS-MacOS_13-Clang-MacOS-MacOS_13-X86_64-ARM64.7z.sha256
2026-05-23 21:40:21,485 - aqt.helper - INFO - helper 140704586541312 Downloading qtsvg...
2026-05-23 21:40:21,487 - aqt.helper - INFO - helper 140704586541312 Downloading qtbase...
2026-05-23 21:40:21,485 - aqt.installer - DEBUG - installer 140704586541312 Download URL: https://download.qt.io/online/qtsdkrepository/mac_x64/desktop/qt6_673/qt.qt6.673.clang_64/6.7.3-0-202409200834qtsvg-MacOS-MacOS_13-Clang-MacOS-MacOS_13-X86_64-ARM64.7z
2026-05-23 21:40:21,487 - aqt.installer - DEBUG - installer 140704586541312 Download URL: https://download.qt.io/online/qtsdkrepository/mac_x64/desktop/qt6_673/qt.qt6.673.clang_64/6.7.3-0-202409200834qtbase-MacOS-MacOS_13-Clang-MacOS-MacOS_13-X86_64-ARM64.7z
2026-05-23 21:40:21,496 - aqt.helper - INFO - helper 140704586541312 Downloading qtdeclarative...
2026-05-23 21:40:21,497 - aqt.helper - INFO - helper 140704586541312 Downloading qtcharts...
2026-05-23 21:40:21,497 - aqt.installer - DEBUG - installer 140704586541312 Download URL: https://download.qt.io/online/qtsdkrepository/mac_x64/desktop/qt6_673/qt.qt6.673.clang_64/6.7.3-0-202409200834qtdeclarative-MacOS-MacOS_13-Clang-MacOS-MacOS_13-X86_64-ARM64.7z
2026-05-23 21:40:21,498 - aqt.installer - DEBUG - installer 140704586541312 Download URL: https://download.qt.io/online/qtsdkrepository/mac_x64/desktop/qt6_673/qt.qt6.673.addons.qtcharts.clang_64/6.7.3-0-202409200834qtcharts-MacOS-MacOS_13-Clang-MacOS-MacOS_13-X86_64-ARM64.7z
2026-05-23 21:40:22,034 - aqt.helper - DEBUG - helper 140704586541312 Asked to redirect(302) to: https://qt.mirror.constant.com/online/qtsdkrepository/mac_x64/desktop/qt6_673/qt.qt6.673.clang_64/6.7.3-0-202409200834qtsvg-MacOS-MacOS_13-Clang-MacOS-MacOS_13-X86_64-ARM64.7z
2026-05-23 21:40:22,034 - aqt.helper - DEBUG - helper 140704586541312 Asked to redirect(302) to: https://qt.mirror.constant.com/online/qtsdkrepository/mac_x64/desktop/qt6_673/qt.qt6.673.addons.qtcharts.clang_64/6.7.3-0-202409200834qtcharts-MacOS-MacOS_13-Clang-MacOS-MacOS_13-X86_64-ARM64.7z
2026-05-23 21:40:22,034 - aqt.helper - DEBUG - helper 140704586541312 Asked to redirect(302) to: https://qt.mirror.constant.com/online/qtsdkrepository/mac_x64/desktop/qt6_673/qt.qt6.673.clang_64/6.7.3-0-202409200834qtbase-MacOS-MacOS_13-Clang-MacOS-MacOS_13-X86_64-ARM64.7z
2026-05-23 21:40:22,034 - aqt.helper - INFO - helper 140704586541312 Redirected: qt.mirror.constant.com
2026-05-23 21:40:22,034 - aqt.helper - INFO - helper 140704586541312 Redirected: qt.mirror.constant.com
2026-05-23 21:40:22,035 - aqt.helper - INFO - helper 140704586541312 Redirected: qt.mirror.constant.com
2026-05-23 21:40:22,092 - aqt.helper - DEBUG - helper 140704586541312 Asked to redirect(302) to: https://qt.mirror.constant.com/online/qtsdkrepository/mac_x64/desktop/qt6_673/qt.qt6.673.clang_64/6.7.3-0-202409200834qtdeclarative-MacOS-MacOS_13-Clang-MacOS-MacOS_13-X86_64-ARM64.7z
2026-05-23 21:40:22,093 - aqt.helper - INFO - helper 140704586541312 Redirected: qt.mirror.constant.com
2026-05-23 21:40:23,726 - aqt.installer - INFO - installer 140704586541312 Finished installation of qtsvg-MacOS-MacOS_13-Clang-MacOS-MacOS_13-X86_64-ARM64.7z in 2.80074067
2026-05-23 21:40:23,748 - aqt.helper - DEBUG - helper 140704586541312 Attempt to download checksum at https://download.qt.io/online/qtsdkrepository/mac_x64/desktop/qt6_673/qt.qt6.673.clang_64/6.7.3-0-202409200834qttools-MacOS-MacOS_13-Clang-MacOS-MacOS_13-X86_64-ARM64.7z.sha256
2026-05-23 21:40:24,430 - aqt.helper - INFO - helper 140704586541312 Downloading qttools...
2026-05-23 21:40:24,430 - aqt.installer - DEBUG - installer 140704586541312 Download URL: https://download.qt.io/online/qtsdkrepository/mac_x64/desktop/qt6_673/qt.qt6.673.clang_64/6.7.3-0-202409200834qttools-MacOS-MacOS_13-Clang-MacOS-MacOS_13-X86_64-ARM64.7z
2026-05-23 21:40:25,011 - aqt.helper - DEBUG - helper 140704586541312 Asked to redirect(302) to: https://qt.mirror.constant.com/online/qtsdkrepository/mac_x64/desktop/qt6_673/qt.qt6.673.clang_64/6.7.3-0-202409200834qttools-MacOS-MacOS_13-Clang-MacOS-MacOS_13-X86_64-ARM64.7z
2026-05-23 21:40:25,011 - aqt.helper - INFO - helper 140704586541312 Redirected: qt.mirror.constant.com
2026-05-23 21:40:25,979 - aqt.installer - INFO - installer 140704586541312 Finished installation of qtcharts-MacOS-MacOS_13-Clang-MacOS-MacOS_13-X86_64-ARM64.7z in 5.07013081
2026-05-23 21:40:26,001 - aqt.helper - DEBUG - helper 140704586541312 Attempt to download checksum at https://download.qt.io/online/qtsdkrepository/mac_x64/desktop/qt6_673/qt.qt6.673.clang_64/6.7.3-0-202409200834qttranslations-MacOS-MacOS_13-Clang-MacOS-MacOS_13-X86_64-ARM64.7z.sha256
2026-05-23 21:40:26,635 - aqt.helper - INFO - helper 140704586541312 Downloading qttranslations...
2026-05-23 21:40:26,635 - aqt.installer - DEBUG - installer 140704586541312 Download URL: https://download.qt.io/online/qtsdkrepository/mac_x64/desktop/qt6_673/qt.qt6.673.clang_64/6.7.3-0-202409200834qttranslations-MacOS-MacOS_13-Clang-MacOS-MacOS_13-X86_64-ARM64.7z
2026-05-23 21:40:27,332 - aqt.helper - DEBUG - helper 140704586541312 Asked to redirect(302) to: https://qt.mirror.constant.com/online/qtsdkrepository/mac_x64/desktop/qt6_673/qt.qt6.673.clang_64/6.7.3-0-202409200834qttranslations-MacOS-MacOS_13-Clang-MacOS-MacOS_13-X86_64-ARM64.7z
2026-05-23 21:40:27,332 - aqt.helper - INFO - helper 140704586541312 Redirected: qt.mirror.constant.com
2026-05-23 21:40:28,608 - aqt.installer - INFO - installer 140704586541312 Finished installation of qttranslations-MacOS-MacOS_13-Clang-MacOS-MacOS_13-X86_64-ARM64.7z in 2.60990983
2026-05-23 21:41:05,610 - aqt.installer - INFO - installer 140704586541312 Finished installation of qttools-MacOS-MacOS_13-Clang-MacOS-MacOS_13-X86_64-ARM64.7z in 41.86589104
2026-05-23 21:41:07,322 - aqt.installer - INFO - installer 140704586541312 Finished installation of qtbase-MacOS-MacOS_13-Clang-MacOS-MacOS_13-X86_64-ARM64.7z in 46.40802271
2026-05-23 21:41:50,508 - aqt.installer - INFO - installer 140704586541312 Finished installation of qtdeclarative-MacOS-MacOS_13-Clang-MacOS-MacOS_13-X86_64-ARM64.7z in 89.59158633
2026-05-23 21:41:52,620 - aqt.updater - INFO - updater 140704586541312 Patching /Users/corinnewiesner/Qt/6.7.3/macos/bin/qmake
2026-05-23 21:41:52,636 - aqt.updater - INFO - updater 140704586541312 Patching /Users/corinnewiesner/Qt/6.7.3/macos/lib/libQt6QmlLS.prl
2026-05-23 21:41:52,637 - aqt.updater - INFO - updater 140704586541312 Patching /Users/corinnewiesner/Qt/6.7.3/macos/lib/libQt6FbSupport.prl
2026-05-23 21:41:52,638 - aqt.updater - INFO - updater 140704586541312 Patching /Users/corinnewiesner/Qt/6.7.3/macos/lib/libQt6QmlDebug.prl
2026-05-23 21:41:52,638 - aqt.updater - INFO - updater 140704586541312 Patching /Users/corinnewiesner/Qt/6.7.3/macos/lib/libQt6QmlTypeRegistrar.prl
2026-05-23 21:41:52,639 - aqt.updater - INFO - updater 140704586541312 Patching /Users/corinnewiesner/Qt/6.7.3/macos/lib/libQt6QuickTestUtils.prl
2026-05-23 21:41:52,639 - aqt.updater - INFO - updater 140704586541312 Patching /Users/corinnewiesner/Qt/6.7.3/macos/lib/libQt6ExampleIcons.prl
2026-05-23 21:41:52,640 - aqt.updater - INFO - updater 140704586541312 Patching /Users/corinnewiesner/Qt/6.7.3/macos/lib/libQt6QuickControlsTestUtils.prl
2026-05-23 21:41:52,640 - aqt.updater - INFO - updater 140704586541312 Patching /Users/corinnewiesner/Qt/6.7.3/macos/lib/libQt6DeviceDiscoverySupport.prl
2026-05-23 21:41:52,641 - aqt.updater - INFO - updater 140704586541312 Patching /Users/corinnewiesner/Qt/6.7.3/macos/lib/libQt6QmlDom.prl
2026-05-23 21:41:52,641 - aqt.updater - INFO - updater 140704586541312 Patching /Users/corinnewiesner/Qt/6.7.3/macos/lib/libQt6QmlBuiltins.prl
2026-05-23 21:41:52,642 - aqt.updater - INFO - updater 140704586541312 Patching /Users/corinnewiesner/Qt/6.7.3/macos/lib/libQt6PacketProtocol.prl
2026-05-23 21:41:52,642 - aqt.updater - INFO - updater 140704586541312 Patching /Users/corinnewiesner/Qt/6.7.3/macos/lib/libQt6QmlToolingSettings.prl
2026-05-23 21:41:52,643 - aqt.main - INFO - installer 140704586541312 Finished installation
2026-05-23 21:41:52,643 - aqt.main - INFO - installer 140704586541312 Time elapsed: 93.82437780 second
