
  OPENSWMM ENGINE - VERSION 6.0.0-alpha.4
  ------------------------------------------------------------

  2D rainfall: no located gages; using the uniform system mean.
  2D solver: cpu (explicit marcher); MOMENTUM_EQUATION LOCAL_INERTIAL; LTS_TIERS 4; 2 cells (0 quads)
  
  ****************
  Analysis Options
  ****************
  Flow Units ............... CMS
  Process Models:
    Rainfall/Runoff ........ NO
    RDII ................... NO
    Snowmelt ............... NO
    Groundwater ............ NO
    Flow Routing ........... YES
    Ponding Allowed ........ NO
    Water Quality .......... NO
  Flow Routing Method ...... FV
  Starting Date ............ 01/01/2026 00:00:00
  Ending Date .............. 01/01/2026 00:01:00
  Antecedent Dry Days ...... 0.0
  Report Time Step ......... 00:00:10
  Routing Time Step ........ 2.00 sec
  
  
  **************************        Volume        Volume
  Flow Routing Continuity        hectare-m      10^6 ltr
  **************************     ---------     ---------
  Dry Weather Inflow .......         0.000         0.000
  Wet Weather Inflow .......         0.000         0.000
  Groundwater Inflow .......         0.000         0.000
  RDII Inflow ..............         0.000         0.000
  External Inflow ..........         0.000         0.001
  External Outflow .........         0.000         0.000
  Flooding Loss ............         0.000         0.000
  Evaporation Loss .........         0.000         0.000
  Exfiltration Loss ........         0.000         0.000
  Initial Stored Volume ....         0.000         0.000
  Final Stored Volume ......         0.000         0.001
  Continuity Error (%) .....         0.000
  
  
  **************************        Volume        Volume
  2D Surface Routing Continuity  cubic meters      10^6 ltr
  **************************     ---------     ---------
  Initial Stored Volume ....         1.100         0.001
  Rainfall Inflow ..........         0.000         0.000
  1D -> 2D Spill Inflow ....         0.000         0.000
  Outfall Inflow ...........         0.000         0.000
  Boundary Inflow ..........         0.000         0.000
  2D -> 1D Drain Outflow ...         0.000         0.000
  Outfall Withdrawal .......         1.100         0.001
  Boundary Outflow .........         0.000         0.000
  Evaporation Loss .........         0.000         0.000
  Infiltration Loss ........         0.000         0.000
  Final Stored Volume ......         0.000         0.000
  Continuity Error (%) .....         0.000
  
  
  *************************
  2D Solver Statistics
  *************************
  Internal Steps ...........            60
  Face-Kernel Evals ........             0
  Avg Internal Step (s) ....        1.0000
  Last Internal Step (s) ...        1.0000
  Active Cells min/mean/max    100.0 /100.0 /100.0  (%)
  LTS Tier 0 Occupancy (%) .         100.0
  LTS Tier 1 Occupancy (%) .           0.0
  LTS Tier 2 Occupancy (%) .           0.0
  LTS Tier 3 Occupancy (%) .           0.0
  
  
  
  
  
  
  ********************************
  Highest Flow Instability Indexes
  ********************************
  All links are stable.
  
  
  
  
  *************************
  Routing Time Step Summary
  *************************
  Minimum Time Step           :     2.00 sec
  Average Time Step           :     2.00 sec
  Maximum Time Step           :     2.00 sec
  % of Time in Steady State   :     0.00
  Average Substeps per Step   :    28.40
  % of Steps Not Converging   :      n/a
  
  
  *********************
  FV Solver Statistics
  *********************
  Explicit Substeps ........           852
  Face Flux Evaluations ....          2754
  Avg Substep (s) ..........      0.070423
  Min Substep (s) ..........      0.000128
  Last Substep (s) .........      0.575773
  LTS Macro Cycles Fired ...            81
  LTS Macro Cycles Rejected              0
  Active Faces min/mean/max    100.0 /100.0 /100.0  (%)
  dt Argmin Pressurized (%)           27.2
  dt Argmin Taper Band (%) .           0.0
  dt Argmin Free (%) .......          72.8
  dt Argmin Node Bound (%) .           0.0
  LTS Tier 0 Occupancy (%) .          27.9
  LTS Tier 1 Occupancy (%) .          25.5
  LTS Tier 2 Occupancy (%) .          35.1
  LTS Tier 3 Occupancy (%) .          11.5
  
  
  
  
  
  
  ******************
  Node Depth Summary
  ******************

  ---------------------------------------------------------------------------------
                                 Average  Maximum  Maximum  Time of Max    Reported
                                   Depth    Depth      HGL   Occurrence   Max Depth
  Node                 Type       Meters   Meters   Meters  days hr:min      Meters
  ---------------------------------------------------------------------------------
  J                    STORAGE      0.11     0.11    -1.89     0  00:01        0.11
  O                    OUTFALL      0.14     2.00     2.00     0  00:00        0.00
  
  
  *******************
  Node Inflow Summary
  *******************

  -------------------------------------------------------------------------------------------------
                                  Maximum  Maximum                  Lateral       Total        Flow
                                  Lateral    Total  Time of Max      Inflow      Inflow     Balance
                                   Inflow   Inflow   Occurrence      Volume      Volume       Error
  Node                 Type           CMS      CMS  days hr:min    10^6 ltr    10^6 ltr     Percent
  -------------------------------------------------------------------------------------------------
  J                    STORAGE      0.000    0.488     0  00:00           0      0.0011      -0.002
  O                    OUTFALL      0.000    0.550     0  00:00           0      0.0011      -0.002
  
  
  
  
  *********************
  Node Flooding Summary
  *********************
  
  No nodes were flooded.
  
  
  **********************
  Storage Volume Summary
  **********************

  ------------------------------------------------------------------------------------------------
                         Average    Avg   Evap  Exfil     Maximum    Max    Time of Max    Maximum
                          Volume   Pcnt   Pcnt   Pcnt      Volume   Pcnt     Occurrence    Outflow
  Storage Unit           1000 m³   Full   Loss   Loss     1000 m³   Full    days hr:min        CMS
  ------------------------------------------------------------------------------------------------
  J                        0.001    1.1    0.0    0.0       0.001    1.1       0  00:01      0.000
  
  
  ***********************
  Outfall Loading Summary
  ***********************
 
  ----------------------------------------------------------- 
                         Flow       Avg       Max       Total 
                         Freq      Flow      Flow      Volume 
  Outfall Node           Pcnt       CMS       CMS    10^6 ltr 
  -----------------------------------------------------------
  O                      3.33     0.550     0.550       0.001 
  -----------------------------------------------------------
  System                 3.33     0.550     0.550       0.001
  
  
  ********************
  Link Flow Summary
  ********************

  -----------------------------------------------------------------------------
                                 Maximum  Time of Max   Maximum    Max/    Max/
                                  |Flow|   Occurrence   |Veloc|    Full    Full
  Link                 Type          CMS  days hr:min     m/sec    Flow   Depth
  -----------------------------------------------------------------------------
  C                    CONDUIT     0.523     0  00:00     21.02    0.02    0.04
  
  
  ***************************
  Flow Classification Summary
  ***************************

  -------------------------------------------------------------------------------------
                      Adjusted    ---------- Fraction of Time in Flow Class ---------- 
                       /Actual         Up    Down  Sub   Sup   Up    Down  Norm  Inlet 
  Conduit               Length    Dry  Dry   Dry   Crit  Crit  Crit  Crit  Ltd   Ctrl  
  -------------------------------------------------------------------------------------
  C                       1.00   0.00  0.00  0.00  0.90  0.10  0.00  0.00  0.00  0.00
  
  *************************
  Conduit Surcharge Summary
  *************************
  
  No conduits were surcharged.
  
  

  Analysis begun on:  Mon Oct  5 04:37:11 2026
  Analysis ended on:  Mon Oct  5 04:37:11 2026
  Total elapsed time: < 1 sec
