
  OPENSWMM ENGINE - VERSION 6.0.0-alpha.3
  ------------------------------------------------------------

  Horton DryTime 0.000001: capacity recovery between two storms 
  WARNING 09: time series interval greater than recording interval for Rain Gage G1
  
  ****************
  Analysis Options
  ****************
  Flow Units ............... CFS
  Process Models:
    Rainfall/Runoff ........ YES
    RDII ................... NO
    Snowmelt ............... NO
    Groundwater ............ NO
    Flow Routing ........... YES
    Ponding Allowed ........ NO
    Water Quality .......... NO
  Infiltration Method ...... HORTON
  Flow Routing Method ...... KINWAVE
  Cross-Section Geometry ... LEGACY
  Starting Date ............ 01/01/2020 00:00:00
  Ending Date .............. 01/04/2020 00:00:00
  Antecedent Dry Days ...... 0.0
  Report Time Step ......... 00:15:00
  Wet Time Step ............ 00:05:00
  Dry Time Step ............ 01:00:00
  Routing Time Step ........ 30.00 sec
  
  

  [Report interrupted — simulation did not complete normally]
