
  OPENSWMM ENGINE - VERSION 6.0.0-alpha.1
  -------------------------------------------
  ;;Project Title/Notes
  A site surface drainage model.
  See Site_Drainage_Model.txt for more details.
    WARNING 02: maximum depth increased for Node J1.
    WARNING 02: maximum depth increased for Node J5.
    WARNING 02: maximum depth increased for Node J2.
    WARNING 02: maximum depth increased for Node J11.
    WARNING 02: maximum depth increased for Node J3.
    WARNING 02: maximum depth increased for Node J4.
    WARNING 02: maximum depth increased for Node J6.
    WARNING 02: maximum depth increased for Node J7.
    WARNING 02: maximum depth increased for Node J8.
    WARNING 02: maximum depth increased for Node J9.
    WARNING 02: maximum depth increased for Node J10.
  
  ****************
  Analysis Options
  ****************
  Flow Units ............... CFS
  Process Models:
    Rainfall/Runoff ........ YES
    RDII ................... NO
    Snowmelt ............... NO
    Groundwater ............ NO
    Flow Routing ........... YES
    Ponding Allowed ........ NO
    Water Quality .......... YES
  Infiltration Method ...... HORTON
  Flow Routing Method ...... DYNWAVE
  Surcharge Method ......... EXTRAN
  Node Continuity .......... EXPLICIT
  Anderson Acceleration .... NO
  Starting Date ............ 01/01/1998 00:00:00
  Ending Date .............. 01/02/1998 06:00:00
  Antecedent Dry Days ...... 5.0
  Report Time Step ......... 00:05:00
  Wet Time Step ............ 00:01:00
  Dry Time Step ............ 00:05:00
  Routing Time Step ........ 5.00 sec
  Variable Time Step ....... YES
  Maximum Trials ........... 8
  Number of Threads ........ 1
  Head Tolerance ........... 0.005000 ft
  
  
  **************************        Volume         Depth
  Runoff Quantity Continuity     acre-feet        inches
  **************************     ---------       -------
  Total Precipitation ......         6.829         2.834
  Evaporation Loss .........         0.000         0.000
  Infiltration Loss ........         2.148         0.891
  Surface Runoff ...........         4.625         1.919
  Final Storage ............         0.062         0.026
  Continuity Error (%) .....        -0.094
  
  
  **************************           TSS
  Runoff Quality Continuity            lbs
  **************************    ----------
  Initial Buildup ..........       913.850
  Surface Buildup ..........       473.326
  Wet Deposition ...........         0.000
  Sweeping Removal .........         0.000
  Infiltration Loss ........         0.000
  BMP Removal ..............         0.000
  Surface Runoff ...........      1286.433
  Remaining Buildup ........       100.743
  Continuity Error (%) .....        -0.000
  
  
  **************************        Volume        Volume
  Flow Routing Continuity        acre-feet      10^6 gal
  **************************     ---------     ---------
  Dry Weather Inflow .......         0.000         0.000
  Wet Weather Inflow .......         4.625         1.507
  Groundwater Inflow .......         0.000         0.000
  RDII Inflow ..............         0.000         0.000
  External Inflow ..........         0.000         0.000
  External Outflow .........         4.621         1.506
  Flooding Loss ............         0.000         0.000
  Evaporation Loss .........         0.000         0.000
  Exfiltration Loss ........         0.000         0.000
  Initial Stored Volume ....         0.000         0.000
  Final Stored Volume ......         0.000         0.000
  Continuity Error (%) .....         0.067
  
  
  **************************           TSS
  Quality Routing Continuity           lbs
  **************************    ----------
  Dry Weather Inflow .......         0.000
  Wet Weather Inflow .......         5.917
  Groundwater Inflow .......         0.000
  RDII Inflow ..............         0.000
  External Inflow ..........         0.000
  External Outflow .........         9.360
  Flooding Loss ............         0.000
  Exfiltration Loss ........         0.000
  Mass Reacted .............         0.000
  Initial Stored Mass ......         0.000
  Final Stored Mass ........         0.000
  Continuity Error (%) .....       -58.196
  
  
  *************************
  Highest Continuity Errors
  *************************
  No errors.
  
  
  ***************************
  Time-Step Critical Elements
  ***************************
  Link C7 (0.26%)
  Link C6 (0.01%)
  
  
  ********************************
  Highest Flow Instability Indexes
  ********************************
  Link C3 (1)
  Link C6 (1)
  Link C8 (1)
  Link C1 (0)
  Link C4 (0)
  
  
  *********************************
  Most Frequent Nonconverging Nodes
  *********************************
  Convergence obtained at all time steps.
  
  
  *************************
  Routing Time Step Summary
  *************************
  Minimum Time Step           :     0.17 sec
  Average Time Step           :     5.00 sec
  Maximum Time Step           :     5.00 sec
  % of Time in Steady State   :     0.00
  Average Iterations per Step :     2.00
  % of Steps Not Converging   :     0.00
  Time Step Frequencies       :
      5.000 -  2.540 sec      :    99.98 %
      2.540 -  1.290 sec      :     0.00 %
      1.290 -  0.655 sec      :     0.00 %
      0.655 -  0.333 sec      :     0.00 %
      0.333 -  0.169 sec      :     0.01 %
  
  
  ***************************
  Subcatchment Runoff Summary
  ***************************

  ------------------------------------------------------------------------------------------------------------------------------
                            Total      Total      Total      Total     Imperv       Perv      Total       Total     Peak  Runoff
                           Precip      Runon       Evap      Infil     Runoff     Runoff     Runoff      Runoff   Runoff   Coeff
  Subcatchment                 in         in         in         in         in         in         in    10^6 gal      CFS
  ------------------------------------------------------------------------------------------------------------------------------
  S1                         2.83       0.00       0.00       0.90       1.59       0.33       1.91        0.24    15.90   0.675
  S2                         2.83       0.00       0.00       0.77       1.76       0.28       2.04        0.26    17.70   0.720
  S3                         2.83       0.00       0.00       1.26       1.10       0.46       1.56        0.16    11.33   0.551
  S4                         2.83       0.00       0.00       1.04       1.39       0.38       1.77        0.33    22.78   0.626
  S5                         2.83       0.00       0.00       0.25       2.45       0.10       2.54        0.33    21.51   0.898
  S6                         2.83       0.00       0.00       0.10       2.65       0.04       2.69        0.14     9.05   0.950
  S7                         2.83       0.00       0.00       2.10       0.00       0.74       0.74        0.05     4.54   0.260
  
  
  
  ****************************
  Subcatchment Washoff Summary
  ****************************
 
  ---------------------------------- 
                                           TSS 
  Subcatchment                             lbs 
  ----------------------------------
  S1                                     0.001
  S2                                     0.001
  S3                                     0.000
  S4                                     0.000
  S5                                     0.001
  S6                                     0.000
  S7                                     0.000 
  ----------------------------------
  System                                 0.003
  
  
  
  
  ******************
  Node Depth Summary
  ******************

  ---------------------------------------------------------------------------------
                                 Average  Maximum  Maximum  Time of Max    Reported
                                   Depth    Depth      HGL   Occurrence   Max Depth
  Node                 Type         Feet     Feet     Feet  days hr:min        Feet
  ---------------------------------------------------------------------------------
  J1                   JUNCTION     0.05     0.65  4973.65     0  12:04        0.65
  J2                   JUNCTION     0.12     0.67  4969.67     0  12:04        0.67
  J3                   JUNCTION     0.09     0.93  4973.93     0  12:04        0.93
  J4                   JUNCTION     0.05     0.65  4971.65     0  12:05        0.65
  J5                   JUNCTION     0.10     1.12  4970.92     0  12:05        1.12
  J6                   JUNCTION     0.14     1.38  4970.38     0  12:05        1.38
  J7                   JUNCTION     0.06     0.77  4972.27     0  12:04        0.77
  J8                   JUNCTION     0.11     1.17  4967.67     0  12:05        1.17
  J9                   JUNCTION     0.15     1.47  4966.27     0  12:11        1.47
  J10                  JUNCTION     0.17     1.56  4965.36     0  12:10        1.56
  J11                  JUNCTION     0.23     2.05  4965.05     0  12:10        2.05
  O1                   OUTFALL      0.24     2.05  4964.05     0  12:11        2.05
  
  
  *******************
  Node Inflow Summary
  *******************

  -------------------------------------------------------------------------------------------------
                                  Maximum  Maximum                  Lateral       Total        Flow
                                  Lateral    Total  Time of Max      Inflow      Inflow     Balance
                                   Inflow   Inflow   Occurrence      Volume      Volume       Error
  Node                 Type           CFS      CFS  days hr:min    10^6 gal    10^6 gal     Percent
  -------------------------------------------------------------------------------------------------
  J1                   JUNCTION     15.90    15.90     0  12:04       0.236       0.236       0.000
  J2                   JUNCTION     17.70    17.70     0  12:04       0.263       0.263       0.000
  J3                   JUNCTION     11.33    11.33     0  12:04       0.159       0.159       0.000
  J4                   JUNCTION      0.00    11.51     0  12:04       0.000       0.159       0.000
  J5                   JUNCTION      0.00    27.03     0  12:04       0.000       0.395       0.000
  J6                   JUNCTION      0.00    45.93     0  12:05       0.000       0.722       0.000
  J7                   JUNCTION     22.78    22.78     0  12:04       0.327       0.327       0.000
  J8                   JUNCTION      0.00    42.56     0  12:05       0.000       0.722       0.000
  J9                   JUNCTION      0.00    41.98     0  12:05       0.000       0.722       0.000
  J10                  JUNCTION     24.60    58.04     0  12:10       0.377       1.099       0.000
  J11                  JUNCTION      9.05    76.36     0  12:10       0.145       1.506       0.000
  O1                   OUTFALL       0.00    75.62     0  12:11       0.000       1.506       0.000
  
  
  **********************
  Node Surcharge Summary
  **********************
  
  No nodes were surcharged.
  
  
  *********************
  Node Flooding Summary
  *********************
  
  No nodes were flooded.
  
  
  ***********************
  Outfall Loading Summary
  ***********************
 
  ------------------------------------------------------------------------- 
                         Flow       Avg       Max       Total         Total 
                         Freq      Flow      Flow      Volume           TSS 
  Outfall Node           Pcnt       CFS       CFS    10^6 gal           lbs 
  -------------------------------------------------------------------------
  O1                    98.75      1.90     75.62       1.506    149929.589 
  -------------------------------------------------------------------------
  System                98.75      1.90     75.62       1.506    149929.589
  
  
  ********************
  Link Flow Summary
  ********************

  -----------------------------------------------------------------------------
                                 Maximum  Time of Max   Maximum    Max/    Max/
                                  |Flow|   Occurrence   |Veloc|    Full    Full
  Link                 Type          CFS  days hr:min    ft/sec    Flow   Depth
  -----------------------------------------------------------------------------
  C1                   CONDUIT     15.83     0  12:04      2.00    0.05    0.29
  C2                   CONDUIT     14.51     0  12:05      2.87    0.32    0.64
  C3                   CONDUIT     11.51     0  12:04      9.41    0.34    0.35
  C4                   CONDUIT     11.22     0  12:05      1.37    0.05    0.29
  C5                   CONDUIT     23.59     0  12:05      1.69    0.15    0.42
  C6                   CONDUIT     22.76     0  12:04      2.24    0.07    0.36
  C7                   CONDUIT     42.56     0  12:05     13.55    0.32    0.36
  C8                   CONDUIT     41.98     0  12:05      2.89    0.16    0.44
  C9                   CONDUIT     39.26     0  12:12      2.12    0.28    0.50
  C10                  CONDUIT     56.51     0  12:10      2.27    0.30    0.60
  C11                  CONDUIT     75.62     0  12:11     10.33    0.39    0.43
  
  
  ***************************
  Flow Classification Summary
  ***************************

  -------------------------------------------------------------------------------------
                      Adjusted    ---------- Fraction of Time in Flow Class ---------- 
                       /Actual         Up    Down  Sub   Sup   Up    Down  Norm  Inlet 
  Conduit               Length    Dry  Dry   Dry   Crit  Crit  Crit  Crit  Ltd   Ctrl  
  -------------------------------------------------------------------------------------
  C1                      1.00   0.01  0.00  0.00  0.99  0.00  0.00  0.00  0.98  0.00
  C2                      1.00   0.01  0.00  0.00  0.00  0.00  0.00  0.99  0.00  0.00
  C3                      1.00   0.01  0.00  0.00  0.20  0.80  0.00  0.00  0.17  0.00
  C4                      1.00   0.01  0.00  0.00  0.99  0.00  0.00  0.00  0.98  0.00
  C5                      1.00   0.01  0.00  0.00  0.99  0.00  0.00  0.00  0.89  0.00
  C6                      1.00   0.01  0.00  0.00  0.99  0.00  0.00  0.00  0.98  0.00
  C7                      1.28   0.01  0.00  0.00  0.17  0.82  0.00  0.00  0.12  0.00
  C8                      1.00   0.01  0.00  0.00  0.99  0.00  0.00  0.00  0.96  0.00
  C9                      1.00   0.01  0.00  0.00  0.99  0.00  0.00  0.00  0.99  0.00
  C10                     1.00   0.01  0.00  0.00  0.99  0.00  0.00  0.00  0.99  0.00
  C11                     1.32   0.01  0.00  0.00  0.17  0.82  0.00  0.00  0.69  0.00
  
  *************************
  Conduit Surcharge Summary
  *************************
  
  No conduits were surcharged.
  
  
  ***************************
  Link Pollutant Load Summary
  ***************************
 
  ---------------------------------- 
                                           TSS 
  Link                                     lbs 
  ----------------------------------
  C1                                     0.789
  C2                                     1.277
  C3                                     0.078
  C4                                     0.510
  C5                                     2.487
  C6                                     0.501
  C7                                     3.880
  C8                                     3.881
  C9                                     3.877
  C10                                    6.969
  C11                                    9.360
  
  

  Analysis begun on:  Thu May 14 19:00:26 2026
  Analysis ended on:  Thu May 14 19:00:26 2026
  Total elapsed time: < 1 sec
