
  OPENSWMM ENGINE - VERSION 6.0.0-alpha.3
  ------------------------------------------------------------

  Chained storage-node LIDs: 02_passive_backwater 
  Synthetic research example; parameters are not calibrated design values. 
  
  ****************
  Analysis Options
  ****************
  Flow Units ............... CFS
  Process Models:
    Rainfall/Runoff ........ NO
    RDII ................... NO
    Snowmelt ............... NO
    Groundwater ............ NO
    Flow Routing ........... YES
    Ponding Allowed ........ NO
    Water Quality .......... YES
  Flow Routing Method ...... DYNWAVE
  Cross-Section Geometry ... LEGACY
  Surcharge Method ......... EXTRAN
  Node Continuity .......... EXPLICIT
  Anderson Acceleration .... NO
  Surcharge Method ......... EXTRAN
  Starting Date ............ 01/01/2004 00:00:00
  Ending Date .............. 01/02/2004 00:00:00
  Antecedent Dry Days ...... 0.0
  Report Time Step ......... 00:05:00
  Routing Time Step ........ 0.50 sec
  Variable Time Step ....... NO
  Maximum Trials ........... 8
  Number of Threads ........ 1
  Head Tolerance ........... 0.005000 ft
  
  

  [Report interrupted — simulation did not complete normally]
