
  OPENSWMM ENGINE - VERSION 6.0.0-alpha.1
  -------------------------------------------
  ;;Project Title/Notes
  A site surface drainage model.
  See Site_Drainage_Model.txt for more details.
    WARNING 02: maximum depth increased for Node J1.
    WARNING 02: maximum depth increased for Node J5.
    WARNING 02: maximum depth increased for Node J2.
    WARNING 02: maximum depth increased for Node J11.
    WARNING 02: maximum depth increased for Node J3.
    WARNING 02: maximum depth increased for Node J4.
    WARNING 02: maximum depth increased for Node J6.
    WARNING 02: maximum depth increased for Node J7.
    WARNING 02: maximum depth increased for Node J8.
    WARNING 02: maximum depth increased for Node J9.
    WARNING 02: maximum depth increased for Node J10.
  
  ****************
  Analysis Options
  ****************
  Flow Units ............... CFS
  Process Models:
    Rainfall/Runoff ........ YES
    RDII ................... NO
    Snowmelt ............... NO
    Groundwater ............ NO
    Flow Routing ........... YES
    Ponding Allowed ........ NO
    Water Quality .......... YES
  Infiltration Method ...... HORTON
  Flow Routing Method ...... DYNWAVE
  Surcharge Method ......... EXTRAN
  Node Continuity .......... EXPLICIT
  Anderson Acceleration .... NO
  Starting Date ............ 01/01/1998 00:00:00
  Ending Date .............. 01/02/1998 06:00:00
  Antecedent Dry Days ...... 5.0
  Report Time Step ......... 00:05:00
  Wet Time Step ............ 00:01:00
  Dry Time Step ............ 00:05:00
  Routing Time Step ........ 5.00 sec
  Variable Time Step ....... YES
  Maximum Trials ........... 8
  Number of Threads ........ 1
  Head Tolerance ........... 0.005000 ft
  
  
  **************************        Volume         Depth
  Runoff Quantity Continuity     acre-feet        inches
  **************************     ---------       -------
  Total Precipitation ......         6.829         2.834
  Evaporation Loss .........         0.000         0.000
  Infiltration Loss ........         2.146         0.890
  Surface Runoff ...........         4.622         1.918
  Final Storage ............         0.062         0.026
  Continuity Error (%) .....        -0.013
  
  
  **************************           TSS
  Runoff Quality Continuity            lbs
  **************************    ----------
  Initial Buildup ..........       913.850
  Surface Buildup ..........       473.191
  Wet Deposition ...........         0.000
  Sweeping Removal .........         0.000
  Infiltration Loss ........         0.000
  BMP Removal ..............         0.000
  Surface Runoff ...........      1286.424
  Remaining Buildup ........       100.617
  Continuity Error (%) .....        -0.000
  
  
  **************************        Volume        Volume
  Flow Routing Continuity        acre-feet      10^6 gal
  **************************     ---------     ---------
  Dry Weather Inflow .......         0.000         0.000
  Wet Weather Inflow .......         4.614         1.503
  Groundwater Inflow .......         0.000         0.000
  RDII Inflow ..............         0.000         0.000
  External Inflow ..........         0.000         0.000
  External Outflow .........         4.613         1.503
  Flooding Loss ............         0.000         0.000
  Evaporation Loss .........         0.000         0.000
  Exfiltration Loss ........         0.000         0.000
  Initial Stored Volume ....         0.000         0.000
  Final Stored Volume ......         0.000         0.000
  Continuity Error (%) .....         0.013
  
  
  **************************           TSS
  Quality Routing Continuity           lbs
  **************************    ----------
  Dry Weather Inflow .......         0.000
  Wet Weather Inflow .......         6.301
  Groundwater Inflow .......         0.000
  RDII Inflow ..............         0.000
  External Inflow ..........         0.000
  External Outflow .........         8.789
  Flooding Loss ............         0.000
  Exfiltration Loss ........         0.000
  Mass Reacted .............         0.000
  Initial Stored Mass ......         0.000
  Final Stored Mass ........         0.000
  Continuity Error (%) .....       -39.480
  
  
  *************************
  Highest Continuity Errors
  *************************
  No errors.
  
  
  ***************************
  Time-Step Critical Elements
  ***************************
  Link C7 (0.17%)
  
  
  ********************************
  Highest Flow Instability Indexes
  ********************************
  Link C3 (1)
  Link C8 (0)
  Link C6 (0)
  Link C1 (0)
  Link C4 (0)
  
  
  *********************************
  Most Frequent Nonconverging Nodes
  *********************************
  Convergence obtained at all time steps.
  
  
  *************************
  Routing Time Step Summary
  *************************
  Minimum Time Step           :     0.50 sec
  Average Time Step           :     5.00 sec
  Maximum Time Step           :     5.00 sec
  % of Time in Steady State   :     0.00
  Average Iterations per Step :     2.00
  % of Steps Not Converging   :     0.00
  Time Step Frequencies       :
      5.000 -  3.155 sec      :    99.99 %
      3.155 -  1.991 sec      :     0.00 %
      1.991 -  1.256 sec      :     0.00 %
      1.256 -  0.792 sec      :     0.00 %
      0.792 -  0.500 sec      :     0.00 %
  
  
  ***************************
  Subcatchment Runoff Summary
  ***************************

  ------------------------------------------------------------------------------------------------------------------------------
                            Total      Total      Total      Total     Imperv       Perv      Total       Total     Peak  Runoff
                           Precip      Runon       Evap      Infil     Runoff     Runoff     Runoff      Runoff   Runoff   Coeff
  Subcatchment                 in         in         in         in         in         in         in    10^6 gal      CFS
  ------------------------------------------------------------------------------------------------------------------------------
  S1                         2.83       0.00       0.00       0.90       1.58       0.33       1.91        0.24    13.73   0.675
  S2                         2.83       0.00       0.00       0.77       1.76       0.28       2.04        0.26    15.23   0.720
  S3                         2.83       0.00       0.00       1.26       1.10       0.46       1.56        0.16     9.93   0.551
  S4                         2.83       0.00       0.00       1.04       1.39       0.38       1.77        0.33    19.76   0.626
  S5                         2.83       0.00       0.00       0.25       2.45       0.10       2.54        0.33    18.26   0.897
  S6                         2.83       0.00       0.00       0.10       2.65       0.04       2.69        0.14     7.67   0.949
  S7                         2.83       0.00       0.00       2.09       0.00       0.74       0.74        0.05     4.32   0.261
  
  
  
  ****************************
  Subcatchment Washoff Summary
  ****************************
 
  ---------------------------------- 
                                           TSS 
  Subcatchment                             lbs 
  ----------------------------------
  S1                                     0.001
  S2                                     0.001
  S3                                     0.000
  S4                                     0.000
  S5                                     0.001
  S6                                     0.000
  S7                                     0.000 
  ----------------------------------
  System                                 0.003
  
  
  
  
  ******************
  Node Depth Summary
  ******************

  ---------------------------------------------------------------------------------
                                 Average  Maximum  Maximum  Time of Max    Reported
                                   Depth    Depth      HGL   Occurrence   Max Depth
  Node                 Type         Feet     Feet     Feet  days hr:min        Feet
  ---------------------------------------------------------------------------------
  J1                   JUNCTION     0.05     0.61  4973.61     0  12:05        0.61
  J2                   JUNCTION     0.12     0.65  4969.65     0  12:06        0.65
  J3                   JUNCTION     0.09     0.87  4973.87     0  12:05        0.87
  J4                   JUNCTION     0.05     0.61  4971.61     0  12:06        0.61
  J5                   JUNCTION     0.10     1.08  4970.88     0  12:06        1.08
  J6                   JUNCTION     0.14     1.32  4970.32     0  12:06        1.32
  J7                   JUNCTION     0.06     0.72  4972.22     0  12:05        0.72
  J8                   JUNCTION     0.11     1.13  4967.63     0  12:07        1.13
  J9                   JUNCTION     0.15     1.46  4966.26     0  12:09        1.46
  J10                  JUNCTION     0.17     1.53  4965.33     0  12:10        1.53
  J11                  JUNCTION     0.23     2.02  4965.02     0  12:10        2.02
  O1                   OUTFALL      0.24     2.02  4964.02     0  12:10        2.02
  
  
  *******************
  Node Inflow Summary
  *******************

  -------------------------------------------------------------------------------------------------
                                  Maximum  Maximum                  Lateral       Total        Flow
                                  Lateral    Total  Time of Max      Inflow      Inflow     Balance
                                   Inflow   Inflow   Occurrence      Volume      Volume       Error
  Node                 Type           CFS      CFS  days hr:min    10^6 gal    10^6 gal     Percent
  -------------------------------------------------------------------------------------------------
  J1                   JUNCTION     13.73    13.73     0  12:05       0.236       0.236       0.000
  J2                   JUNCTION     15.23    15.23     0  12:05       0.262       0.262       0.000
  J3                   JUNCTION      9.93     9.93     0  12:05       0.158       0.158       0.000
  J4                   JUNCTION      0.00    10.06     0  12:05       0.000       0.158       0.000
  J5                   JUNCTION      0.00    23.51     0  12:05       0.000       0.394       0.000
  J6                   JUNCTION      0.00    40.89     0  12:05       0.000       0.720       0.000
  J7                   JUNCTION     19.76    19.76     0  12:05       0.326       0.326       0.000
  J8                   JUNCTION      0.00    39.47     0  12:06       0.000       0.720       0.000
  J9                   JUNCTION      0.00    39.38     0  12:07       0.000       0.720       0.000
  J10                  JUNCTION     21.24    55.59     0  12:08       0.377       1.097       0.000
  J11                  JUNCTION      7.67    73.45     0  12:09       0.144       1.503       0.000
  O1                   OUTFALL       0.00    73.40     0  12:10       0.000       1.503       0.000
  
  
  **********************
  Node Surcharge Summary
  **********************
  
  No nodes were surcharged.
  
  
  *********************
  Node Flooding Summary
  *********************
  
  No nodes were flooded.
  
  
  ***********************
  Outfall Loading Summary
  ***********************
 
  ------------------------------------------------------------------------- 
                         Flow       Avg       Max       Total         Total 
                         Freq      Flow      Flow      Volume           TSS 
  Outfall Node           Pcnt       CFS       CFS    10^6 gal           lbs 
  -------------------------------------------------------------------------
  O1                    98.72      1.89     73.40       1.503    140787.228 
  -------------------------------------------------------------------------
  System                98.72      1.89     73.40       1.503    140787.228
  
  
  ********************
  Link Flow Summary
  ********************

  -----------------------------------------------------------------------------
                                 Maximum  Time of Max   Maximum    Max/    Max/
                                  |Flow|   Occurrence   |Veloc|    Full    Full
  Link                 Type          CFS  days hr:min    ft/sec    Flow   Depth
  -----------------------------------------------------------------------------
  C1                   CONDUIT     13.68     0  12:05      1.84    0.04    0.28
  C2                   CONDUIT     13.52     0  12:06      2.82    0.30    0.62
  C3                   CONDUIT     10.06     0  12:05      9.01    0.29    0.32
  C4                   CONDUIT      9.85     0  12:06      1.29    0.04    0.28
  C5                   CONDUIT     21.69     0  12:06      1.65    0.14    0.40
  C6                   CONDUIT     19.74     0  12:05      2.04    0.06    0.34
  C7                   CONDUIT     39.47     0  12:06     13.17    0.30    0.35
  C8                   CONDUIT     39.38     0  12:07      2.74    0.15    0.43
  C9                   CONDUIT     38.12     0  12:09      2.08    0.27    0.50
  C10                  CONDUIT     55.24     0  12:10      2.25    0.29    0.59
  C11                  CONDUIT     73.40     0  12:10     10.25    0.38    0.42
  
  
  ***************************
  Flow Classification Summary
  ***************************

  -------------------------------------------------------------------------------------
                      Adjusted    ---------- Fraction of Time in Flow Class ---------- 
                       /Actual         Up    Down  Sub   Sup   Up    Down  Norm  Inlet 
  Conduit               Length    Dry  Dry   Dry   Crit  Crit  Crit  Crit  Ltd   Ctrl  
  -------------------------------------------------------------------------------------
  C1                      1.00   0.01  0.00  0.00  0.99  0.00  0.00  0.00  0.98  0.00
  C2                      1.00   0.01  0.00  0.00  0.00  0.00  0.00  0.99  0.00  0.00
  C3                      1.00   0.01  0.00  0.00  0.20  0.80  0.00  0.00  0.17  0.00
  C4                      1.00   0.01  0.00  0.00  0.99  0.00  0.00  0.00  0.98  0.00
  C5                      1.00   0.01  0.00  0.00  0.99  0.00  0.00  0.00  0.89  0.00
  C6                      1.00   0.01  0.00  0.00  0.99  0.00  0.00  0.00  0.98  0.00
  C7                      1.28   0.01  0.00  0.00  0.17  0.82  0.00  0.00  0.12  0.00
  C8                      1.00   0.01  0.00  0.00  0.99  0.00  0.00  0.00  0.96  0.00
  C9                      1.00   0.01  0.00  0.00  0.99  0.00  0.00  0.00  0.99  0.00
  C10                     1.00   0.01  0.00  0.00  0.99  0.00  0.00  0.00  0.99  0.00
  C11                     1.32   0.01  0.00  0.00  0.17  0.82  0.00  0.00  0.69  0.00
  
  *************************
  Conduit Surcharge Summary
  *************************
  
  No conduits were surcharged.
  
  
  ***************************
  Link Pollutant Load Summary
  ***************************
 
  ---------------------------------- 
                                           TSS 
  Link                                     lbs 
  ----------------------------------
  C1                                     1.035
  C2                                     1.322
  C3                                     0.182
  C4                                     0.480
  C5                                     2.358
  C6                                     0.715
  C7                                     3.610
  C8                                     3.610
  C9                                     3.607
  C10                                    6.467
  C11                                    8.789
  
  

  Analysis begun on:  Fri May  8 16:16:44 2026
  Analysis ended on:  Fri May  8 17:36:16 2026
  Total elapsed time: 01:19:32
