
  OPENSWMM ENGINE - VERSION 6.0.0-alpha.3
  ------------------------------------------------------------

  
  ****************
  Analysis Options
  ****************
  Flow Units ............... CFS
  Process Models:
    Rainfall/Runoff ........ NO
    RDII ................... NO
    Snowmelt ............... NO
    Groundwater ............ NO
    Flow Routing ........... YES
    Ponding Allowed ........ NO
    Water Quality .......... NO
  Flow Routing Method ...... FV
  Cross-Section Geometry ... LEGACY
  Starting Date ............ 01/01/2026 00:00:00
  Ending Date .............. 01/01/2026 02:00:00
  Antecedent Dry Days ...... 0.0
  Report Time Step ......... 00:05:00
  Routing Time Step ........ 5.00 sec
  
  
  SAVE HOTSTART: 1 link(s) had their cross-section changed at run time. Hot start files do not carry geometry, so reloading this file restores the input-file cross-sections under these depths. Re-apply the polygons after loading.

  [Report interrupted — simulation did not complete normally]
